Archive member included to satisfy reference by file (symbol)

C:/ST/STM32CubeIDE_1.17.0/STM32CubeIDE/plugins/com.st.stm32cube.ide.mcu.externaltools.gnu-tools-for-stm32.12.3.rel1.win32_1.1.0.202410251130/tools/bin/../lib/gcc/arm-none-eabi/12.3.1/../../../../arm-none-eabi/lib/thumb/v7e-m+fp/hard\libc_nano.a(libc_a-exit.o)
                              C:/ST/STM32CubeIDE_1.17.0/STM32CubeIDE/plugins/com.st.stm32cube.ide.mcu.externaltools.gnu-tools-for-stm32.12.3.rel1.win32_1.1.0.202410251130/tools/bin/../lib/gcc/arm-none-eabi/12.3.1/../../../../arm-none-eabi/lib/thumb/v7e-m+fp/hard/crt0.o (exit)
C:/ST/STM32CubeIDE_1.17.0/STM32CubeIDE/plugins/com.st.stm32cube.ide.mcu.externaltools.gnu-tools-for-stm32.12.3.rel1.win32_1.1.0.202410251130/tools/bin/../lib/gcc/arm-none-eabi/12.3.1/../../../../arm-none-eabi/lib/thumb/v7e-m+fp/hard\libc_nano.a(libc_a-findfp.o)
                              C:/ST/STM32CubeIDE_1.17.0/STM32CubeIDE/plugins/com.st.stm32cube.ide.mcu.externaltools.gnu-tools-for-stm32.12.3.rel1.win32_1.1.0.202410251130/tools/bin/../lib/gcc/arm-none-eabi/12.3.1/../../../../arm-none-eabi/lib/thumb/v7e-m+fp/hard\libc_nano.a(libc_a-exit.o) (__stdio_exit_handler)
C:/ST/STM32CubeIDE_1.17.0/STM32CubeIDE/plugins/com.st.stm32cube.ide.mcu.externaltools.gnu-tools-for-stm32.12.3.rel1.win32_1.1.0.202410251130/tools/bin/../lib/gcc/arm-none-eabi/12.3.1/../../../../arm-none-eabi/lib/thumb/v7e-m+fp/hard\libc_nano.a(libc_a-fwalk.o)
                              C:/ST/STM32CubeIDE_1.17.0/STM32CubeIDE/plugins/com.st.stm32cube.ide.mcu.externaltools.gnu-tools-for-stm32.12.3.rel1.win32_1.1.0.202410251130/tools/bin/../lib/gcc/arm-none-eabi/12.3.1/../../../../arm-none-eabi/lib/thumb/v7e-m+fp/hard\libc_nano.a(libc_a-findfp.o) (_fwalk_sglue)
C:/ST/STM32CubeIDE_1.17.0/STM32CubeIDE/plugins/com.st.stm32cube.ide.mcu.externaltools.gnu-tools-for-stm32.12.3.rel1.win32_1.1.0.202410251130/tools/bin/../lib/gcc/arm-none-eabi/12.3.1/../../../../arm-none-eabi/lib/thumb/v7e-m+fp/hard\libc_nano.a(libc_a-stdio.o)
                              C:/ST/STM32CubeIDE_1.17.0/STM32CubeIDE/plugins/com.st.stm32cube.ide.mcu.externaltools.gnu-tools-for-stm32.12.3.rel1.win32_1.1.0.202410251130/tools/bin/../lib/gcc/arm-none-eabi/12.3.1/../../../../arm-none-eabi/lib/thumb/v7e-m+fp/hard\libc_nano.a(libc_a-findfp.o) (__sread)
C:/ST/STM32CubeIDE_1.17.0/STM32CubeIDE/plugins/com.st.stm32cube.ide.mcu.externaltools.gnu-tools-for-stm32.12.3.rel1.win32_1.1.0.202410251130/tools/bin/../lib/gcc/arm-none-eabi/12.3.1/../../../../arm-none-eabi/lib/thumb/v7e-m+fp/hard\libc_nano.a(libc_a-memset.o)
                              C:/ST/STM32CubeIDE_1.17.0/STM32CubeIDE/plugins/com.st.stm32cube.ide.mcu.externaltools.gnu-tools-for-stm32.12.3.rel1.win32_1.1.0.202410251130/tools/bin/../lib/gcc/arm-none-eabi/12.3.1/../../../../arm-none-eabi/lib/thumb/v7e-m+fp/hard/crt0.o (memset)
C:/ST/STM32CubeIDE_1.17.0/STM32CubeIDE/plugins/com.st.stm32cube.ide.mcu.externaltools.gnu-tools-for-stm32.12.3.rel1.win32_1.1.0.202410251130/tools/bin/../lib/gcc/arm-none-eabi/12.3.1/../../../../arm-none-eabi/lib/thumb/v7e-m+fp/hard\libc_nano.a(libc_a-closer.o)
                              C:/ST/STM32CubeIDE_1.17.0/STM32CubeIDE/plugins/com.st.stm32cube.ide.mcu.externaltools.gnu-tools-for-stm32.12.3.rel1.win32_1.1.0.202410251130/tools/bin/../lib/gcc/arm-none-eabi/12.3.1/../../../../arm-none-eabi/lib/thumb/v7e-m+fp/hard\libc_nano.a(libc_a-stdio.o) (_close_r)
C:/ST/STM32CubeIDE_1.17.0/STM32CubeIDE/plugins/com.st.stm32cube.ide.mcu.externaltools.gnu-tools-for-stm32.12.3.rel1.win32_1.1.0.202410251130/tools/bin/../lib/gcc/arm-none-eabi/12.3.1/../../../../arm-none-eabi/lib/thumb/v7e-m+fp/hard\libc_nano.a(libc_a-reent.o)
                              C:/ST/STM32CubeIDE_1.17.0/STM32CubeIDE/plugins/com.st.stm32cube.ide.mcu.externaltools.gnu-tools-for-stm32.12.3.rel1.win32_1.1.0.202410251130/tools/bin/../lib/gcc/arm-none-eabi/12.3.1/../../../../arm-none-eabi/lib/thumb/v7e-m+fp/hard\libc_nano.a(libc_a-closer.o) (errno)
C:/ST/STM32CubeIDE_1.17.0/STM32CubeIDE/plugins/com.st.stm32cube.ide.mcu.externaltools.gnu-tools-for-stm32.12.3.rel1.win32_1.1.0.202410251130/tools/bin/../lib/gcc/arm-none-eabi/12.3.1/../../../../arm-none-eabi/lib/thumb/v7e-m+fp/hard\libc_nano.a(libc_a-impure.o)
                              C:/ST/STM32CubeIDE_1.17.0/STM32CubeIDE/plugins/com.st.stm32cube.ide.mcu.externaltools.gnu-tools-for-stm32.12.3.rel1.win32_1.1.0.202410251130/tools/bin/../lib/gcc/arm-none-eabi/12.3.1/../../../../arm-none-eabi/lib/thumb/v7e-m+fp/hard\libc_nano.a(libc_a-reent.o) (_impure_ptr)
C:/ST/STM32CubeIDE_1.17.0/STM32CubeIDE/plugins/com.st.stm32cube.ide.mcu.externaltools.gnu-tools-for-stm32.12.3.rel1.win32_1.1.0.202410251130/tools/bin/../lib/gcc/arm-none-eabi/12.3.1/../../../../arm-none-eabi/lib/thumb/v7e-m+fp/hard\libc_nano.a(libc_a-lseekr.o)
[...]
Memory Configuration

Name             Origin             Length             Attributes
RAM              0x20000000         0x00020000         xrw
FLASH            0x08000000         0x00080000         xr
*default*        0x00000000         0xffffffff

Linker script and memory map

LOAD C:/ST/STM32CubeIDE_1.17.0/STM32CubeIDE/plugins/com.st.stm32cube.ide.mcu.externaltools.gnu-tools-for-stm32.12.3.rel1.win32_1.1.0.202410251130/tools/bin/../lib/gcc/arm-none-eabi/12.3.1/thumb/v7e-m+fp/hard/crti.o
LOAD C:/ST/STM32CubeIDE_1.17.0/STM32CubeIDE/plugins/com.st.stm32cube.ide.mcu.externaltools.gnu-tools-for-stm32.12.3.rel1.win32_1.1.0.202410251130/tools/bin/../lib/gcc/arm-none-eabi/12.3.1/thumb/v7e-m+fp/hard/crtbegin.o
LOAD C:/ST/STM32CubeIDE_1.17.0/STM32CubeIDE/plugins/com.st.stm32cube.ide.mcu.externaltools.gnu-tools-for-stm32.12.3.rel1.win32_1.1.0.202410251130/tools/bin/../lib/gcc/arm-none-eabi/12.3.1/../../../../arm-none-eabi/lib/thumb/v7e-m+fp/hard/crt0.o
LOAD ./Core/Src/complemento.o
LOAD ./Core/Src/comunicacion.o
LOAD ./Core/Src/distancia.o
LOAD ./Core/Src/main.o
LOAD ./Core/Src/motorDriver.o
LOAD ./Core/Src/stm32f4xx_hal_msp.o
LOAD ./Core/Src/stm32f4xx_it.o
LOAD ./Core/Src/syscalls.o
LOAD ./Core/Src/sysmem.o
LOAD ./Core/Src/system_stm32f4xx.o
LOAD ./Core/Src/velocidad.o
LOAD ./Core/Startup/startup_stm32f411ceux.o
LOAD ./Drivers/STM32F4xx_HAL_Driver/Src/stm32f4xx_hal.o
LOAD ./Drivers/STM32F4xx_HAL_Driver/Src/stm32f4xx_hal_adc.o
LOAD ./Drivers/STM32F4xx_HAL_Driver/Src/stm32f4xx_hal_adc_ex.o
LOAD ./Drivers/STM32F4xx_HAL_Driver/Src/stm32f4xx_hal_cortex.o
LOAD ./Drivers/STM32F4xx_HAL_Driver/Src/stm32f4xx_hal_dma.o
LOAD ./Drivers/STM32F4xx_HAL_Driver/Src/stm32f4xx_hal_dma_ex.o
LOAD ./Drivers/STM32F4xx_HAL_Driver/Src/stm32f4xx_hal_exti.o
LOAD ./Drivers/STM32F4xx_HAL_Driver/Src/stm32f4xx_hal_flash.o
LOAD ./Drivers/STM32F4xx_HAL_Driver/Src/stm32f4xx_hal_flash_ex.o
LOAD ./Drivers/STM32F4xx_HAL_Driver/Src/stm32f4xx_hal_flash_ramfunc.o
LOAD ./Drivers/STM32F4xx_HAL_Driver/Src/stm32f4xx_hal_gpio.o
LOAD ./Drivers/STM32F4xx_HAL_Driver/Src/stm32f4xx_hal_pcd.o
LOAD ./Drivers/STM32F4xx_HAL_Driver/Src/stm32f4xx_hal_pcd_ex.o
LOAD ./Drivers/STM32F4xx_HAL_Driver/Src/stm32f4xx_hal_pwr.o
LOAD ./Drivers/STM32F4xx_HAL_Driver/Src/stm32f4xx_hal_pwr_ex.o
LOAD ./Drivers/STM32F4xx_HAL_Driver/Src/stm32f4xx_hal_rcc.o
LOAD ./Drivers/STM32F4xx_HAL_Driver/Src/stm32f4xx_hal_rcc_ex.o
LOAD ./Drivers/STM32F4xx_HAL_Driver/Src/stm32f4xx_hal_tim.o
LOAD ./Drivers/STM32F4xx_HAL_Driver/Src/stm32f4xx_hal_tim_ex.o
LOAD ./Drivers/STM32F4xx_HAL_Driver/Src/stm32f4xx_hal_uart.o
LOAD ./Drivers/STM32F4xx_HAL_Driver/Src/stm32f4xx_ll_adc.o
LOAD ./Drivers/STM32F4xx_HAL_Driver/Src/stm32f4xx_ll_usb.o
LOAD ./Middlewares/ST/STM32_USB_Device_Library/Class/CDC/Src/usbd_cdc.o
LOAD ./Middlewares/ST/STM32_USB_Device_Library/Core/Src/usbd_core.o
LOAD ./Middlewares/ST/STM32_USB_Device_Library/Core/Src/usbd_ctlreq.o
LOAD ./Middlewares/ST/STM32_USB_Device_Library/Core/Src/usbd_ioreq.o
LOAD ./USB_DEVICE/App/usb_device.o
LOAD ./USB_DEVICE/App/usbd_cdc_if.o
LOAD ./USB_DEVICE/App/usbd_desc.o
LOAD ./USB_DEVICE/Target/usbd_conf.o
START GROUP
LOAD C:/ST/STM32CubeIDE_1.17.0/STM32CubeIDE/plugins/com.st.stm32cube.ide.mcu.externaltools.gnu-tools-for-stm32.12.3.rel1.win32_1.1.0.202410251130/tools/bin/../lib/gcc/arm-none-eabi/12.3.1/../../../../arm-none-eabi/lib/thumb/v7e-m+fp/hard\libc_nano.a
LOAD C:/ST/STM32CubeIDE_1.17.0/STM32CubeIDE/plugins/com.st.stm32cube.ide.mcu.externaltools.gnu-tools-for-stm32.12.3.rel1.win32_1.1.0.202410251130/tools/bin/../lib/gcc/arm-none-eabi/12.3.1/../../../../arm-none-eabi/lib/thumb/v7e-m+fp/hard\libm.a
END GROUP
START GROUP
LOAD C:/ST/STM32CubeIDE_1.17.0/STM32CubeIDE/plugins/com.st.stm32cube.ide.mcu.externaltools.gnu-tools-for-stm32.12.3.rel1.win32_1.1.0.202410251130/tools/bin/../lib/gcc/arm-none-eabi/12.3.1/thumb/v7e-m+fp/hard\libgcc.a
LOAD C:/ST/STM32CubeIDE_1.17.0/STM32CubeIDE/plugins/com.st.stm32cube.ide.mcu.externaltools.gnu-tools-for-stm32.12.3.rel1.win32_1.1.0.202410251130/tools/bin/../lib/gcc/arm-none-eabi/12.3.1/../../../../arm-none-eabi/lib/thumb/v7e-m+fp/hard\libc_nano.a
END GROUP
START GROUP
LOAD C:/ST/STM32CubeIDE_1.17.0/STM32CubeIDE/plugins/com.st.stm32cube.ide.mcu.externaltools.gnu-tools-for-stm32.12.3.rel1.win32_1.1.0.202410251130/tools/bin/../lib/gcc/arm-none-eabi/12.3.1/thumb/v7e-m+fp/hard\libgcc.a
LOAD C:/ST/STM32CubeIDE_1.17.0/STM32CubeIDE/plugins/com.st.stm32cube.ide.mcu.externaltools.gnu-tools-for-stm32.12.3.rel1.win32_1.1.0.202410251130/tools/bin/../lib/gcc/arm-none-eabi/12.3.1/../../../../arm-none-eabi/lib/thumb/v7e-m+fp/hard\libc_nano.a
LOAD C:/ST/STM32CubeIDE_1.17.0/STM32CubeIDE/plugins/com.st.stm32cube.ide.mcu.externaltools.gnu-tools-for-stm32.12.3.rel1.win32_1.1.0.202410251130/tools/bin/../lib/gcc/arm-none-eabi/12.3.1/../../../../arm-none-eabi/lib/thumb/v7e-m+fp/hard\libnosys.a
END GROUP
START GROUP
LOAD C:/ST/STM32CubeIDE_1.17.0/STM32CubeIDE/plugins/com.st.stm32cube.ide.mcu.externaltools.gnu-tools-for-stm32.12.3.rel1.win32_1.1.0.202410251130/tools/bin/../lib/gcc/arm-none-eabi/12.3.1/thumb/v7e-m+fp/hard\libgcc.a
LOAD C:/ST/STM32CubeIDE_1.17.0/STM32CubeIDE/plugins/com.st.stm32cube.ide.mcu.externaltools.gnu-tools-for-stm32.12.3.rel1.win32_1.1.0.202410251130/tools/bin/../lib/gcc/arm-none-eabi/12.3.1/../../../../arm-none-eabi/lib/thumb/v7e-m+fp/hard\libc_nano.a
LOAD C:/ST/STM32CubeIDE_1.17.0/STM32CubeIDE/plugins/com.st.stm32cube.ide.mcu.externaltools.gnu-tools-for-stm32.12.3.rel1.win32_1.1.0.202410251130/tools/bin/../lib/gcc/arm-none-eabi/12.3.1/../../../../arm-none-eabi/lib/thumb/v7e-m+fp/hard\libnosys.a
END GROUP
LOAD C:/ST/STM32CubeIDE_1.17.0/STM32CubeIDE/plugins/com.st.stm32cube.ide.mcu.externaltools.gnu-tools-for-stm32.12.3.rel1.win32_1.1.0.202410251130/tools/bin/../lib/gcc/arm-none-eabi/12.3.1/thumb/v7e-m+fp/hard/crtend.o
LOAD C:/ST/STM32CubeIDE_1.17.0/STM32CubeIDE/plugins/com.st.stm32cube.ide.mcu.externaltools.gnu-tools-for-stm32.12.3.rel1.win32_1.1.0.202410251130/tools/bin/../lib/gcc/arm-none-eabi/12.3.1/thumb/v7e-m+fp/hard/crtn.o
                0x20020000                        _estack = (ORIGIN (RAM) + LENGTH (RAM))
                0x00000200                        _Min_Heap_Size = 0x200
                0x00000400                        _Min_Stack_Size = 0x400

.isr_vector     0x08000000      0x198
                0x08000000                        . = ALIGN (0x4)
 *(.isr_vector)
 .isr_vector    0x08000000      0x198 ./Core/Startup/startup_stm32f411ceux.o
                0x08000000                g_pfnVectors
                0x08000198                        . = ALIGN (0x4)

.text           0x08000198     0xb658
                0x08000198                        . = ALIGN (0x4)
 *(.text)
 .text          0x08000198       0x40 C:/ST/STM32CubeIDE_1.17.0/STM32CubeIDE/plugins/com.st.stm32cube.ide.mcu.externaltools.gnu-tools-for-stm32.12.3.rel1.win32_1.1.0.202410251130/tools/bin/../lib/gcc/arm-none-eabi/12.3.1/thumb/v7e-m+fp/hard/crtbegin.o
 .text          0x080001d8      0x378 C:/ST/STM32CubeIDE_1.17.0/STM32CubeIDE/plugins/com.st.stm32cube.ide.mcu.externaltools.gnu-tools-for-stm32.12.3.rel1.win32_1.1.0.202410251130/tools/bin/../lib/gcc/arm-none-eabi/12.3.1/thumb/v7e-m+fp/hard\libgcc.a(_arm_addsubdf3.o)
                0x080001d8                __aeabi_drsub
                0x080001e0                __aeabi_dsub
                0x080001e0                __subdf3
                0x080001e4                __aeabi_dadd
                0x080001e4                __adddf3
                0x0800045c                __floatunsidf
                0x0800045c                __aeabi_ui2d
                0x0800047c                __floatsidf
                0x0800047c                __aeabi_i2d
                0x080004a0                __aeabi_f2d
                0x080004a0                __extendsfdf2
                0x080004e4                __floatundidf
                0x080004e4                __aeabi_ul2d
                0x080004f4                __floatdidf
                0x080004f4                __aeabi_l2d
 .text          0x08000550      0x424 C:/ST/STM32CubeIDE_1.17.0/STM32CubeIDE/plugins/com.st.stm32cube.ide.mcu.externaltools.gnu-tools-for-stm32.12.3.rel1.win32_1.1.0.202410251130/tools/bin/../lib/gcc/arm-none-eabi/12.3.1/thumb/v7e-m+fp/hard\libgcc.a(_arm_muldivdf3.o)
                0x08000550                __aeabi_dmul
                0x08000550                __muldf3
                0x080007a4                __divdf3
                0x080007a4                __aeabi_ddiv
 .text          0x08000974       0x50 C:/ST/STM32CubeIDE_1.17.0/STM32CubeIDE/plugins/com.st.stm32cube.ide.mcu.externaltools.gnu-tools-for-stm32.12.3.rel1.win32_1.1.0.202410251130/tools/bin/../lib/gcc/arm-none-eabi/12.3.1/thumb/v7e-m+fp/hard\libgcc.a(_arm_fixdfsi.o)
                0x08000974                __aeabi_d2iz
                0x08000974                __fixdfsi
 .text          0x080009c4       0xa0 C:/ST/STM32CubeIDE_1.17.0/STM32CubeIDE/plugins/com.st.stm32cube.ide.mcu.externaltools.gnu-tools-for-stm32.12.3.rel1.win32_1.1.0.202410251130/tools/bin/../lib/gcc/arm-none-eabi/12.3.1/thumb/v7e-m+fp/hard\libgcc.a(_arm_truncdfsf2.o)
                0x080009c4                __truncdfsf2
                0x080009c4                __aeabi_d2f
 .text          0x08000a64       0x30 C:/ST/STM32CubeIDE_1.17.0/STM32CubeIDE/plugins/com.st.stm32cube.ide.mcu.externaltools.gnu-tools-for-stm32.12.3.rel1.win32_1.1.0.202410251130/tools/bin/../lib/gcc/arm-none-eabi/12.3.1/thumb/v7e-m+fp/hard\libgcc.a(_aeabi_uldivmod.o)
                0x08000a64                __aeabi_uldivmod
 .text          0x08000a94      0x2bc C:/ST/STM32CubeIDE_1.17.0/STM32CubeIDE/plugins/com.st.stm32cube.ide.mcu.externaltools.gnu-tools-for-stm32.12.3.rel1.win32_1.1.0.202410251130/tools/bin/../lib/gcc/arm-none-eabi/12.3.1/thumb/v7e-m+fp/hard\libgcc.a(_udivmoddi4.o)
                0x08000a94                __udivmoddi4
 .text          0x08000d50        0x4 C:/ST/STM32CubeIDE_1.17.0/STM32CubeIDE/plugins/com.st.stm32cube.ide.mcu.externaltools.gnu-tools-for-stm32.12.3.rel1.win32_1.1.0.202410251130/tools/bin/../lib/gcc/arm-none-eabi/12.3.1/thumb/v7e-m+fp/hard\libgcc.a(_dvmd_tls.o)
                0x08000d50                __aeabi_idiv0
                0x08000d50                __aeabi_ldiv0
 *(.text*)
 .text.aplicarFiltroFIR
                0x08000d54       0xd4 ./Core/Src/complemento.o
                0x08000d54                aplicarFiltroFIR
 .text.calibracion
                0x08000e28       0xf4 ./Core/Src/complemento.o
                0x08000e28                calibracion
 .text.datos_enviar
                0x08000f1c      0x410 ./Core/Src/comunicacion.o
                0x08000f1c                datos_enviar
 .text.EnviarPaquete
                0x0800132c       0x58 ./Core/Src/comunicacion.o
                0x0800132c                EnviarPaquete
 .text.serializarPaquete
                0x08001384       0xb4 ./Core/Src/comunicacion.o
                0x08001384                serializarPaquete
 .text.calcularCRC
                0x08001438       0x40 ./Core/Src/comunicacion.o
                0x08001438                calcularCRC
 .text.CDC_ReceiveCallBack
                0x08001478       0x2c ./Core/Src/comunicacion.o
                0x08001478                CDC_ReceiveCallBack
 .text.instruction
                0x080014a4      0x1e4 ./Core/Src/comunicacion.o
                0x080014a4                instruction
 .text.promedio_adc
                0x08001688      0x140 ./Core/Src/distancia.o
                0x08001688                promedio_adc
 .text.calculo_mm
                0x080017c8       0xe0 ./Core/Src/distancia.o
                0x080017c8                calculo_mm
 .text.interpolar_distancia
                0x080018a8      0x140 ./Core/Src/distancia.o
                0x080018a8                interpolar_distancia
 .text.control_distancia
                0x080019e8      0x1d0 ./Core/Src/distancia.o
                0x080019e8                control_distancia
 .text.main     0x08001bb8      0x1a8 ./Core/Src/main.o
                0x08001bb8                main
 .text.SystemClock_Config
                0x08001d60       0xd0 ./Core/Src/main.o
                0x08001d60                SystemClock_Config
 .text.MX_ADC1_Init
                0x08001e30      0x114 ./Core/Src/main.o
 .text.MX_TIM1_Init
                0x08001f44       0xa4 ./Core/Src/main.o
 .text.MX_TIM2_Init
                0x08001fe8       0x9c ./Core/Src/main.o
 .text.MX_TIM3_Init
                0x08002084       0xa8 ./Core/Src/main.o
 .text.MX_TIM4_Init
                0x0800212c       0x9c ./Core/Src/main.o
 .text.MX_TIM5_Init
                0x080021c8       0xa8 ./Core/Src/main.o
 .text.MX_TIM9_Init
                0x08002270       0xd8 ./Core/Src/main.o
 .text.MX_USART1_UART_Init
                0x08002348       0x54 ./Core/Src/main.o
 .text.MX_DMA_Init
                0x0800239c       0x40 ./Core/Src/main.o
 .text.MX_GPIO_Init
                0x080023dc      0x108 ./Core/Src/main.o
 .text.HAL_ADC_ConvCpltCallback
                0x080024e4       0x24 ./Core/Src/main.o
                0x080024e4                HAL_ADC_ConvCpltCallback
 .text.Error_Handler
                0x08002508        0xc ./Core/Src/main.o
                0x08002508                Error_Handler
 .text.motoresInit
                0x08002514       0x7c ./Core/Src/motorDriver.o
                0x08002514                motoresInit
 .text.motores  0x08002590      0x150 ./Core/Src/motorDriver.o
                0x08002590                motores
 .text.HAL_MspInit
                0x080026e0       0x50 ./Core/Src/stm32f4xx_hal_msp.o
                0x080026e0                HAL_MspInit
 .text.HAL_ADC_MspInit
                0x08002730      0x128 ./Core/Src/stm32f4xx_hal_msp.o
                0x08002730                HAL_ADC_MspInit
 .text.HAL_TIM_Base_MspInit
                0x08002858       0xc4 ./Core/Src/stm32f4xx_hal_msp.o
                0x08002858                HAL_TIM_Base_MspInit
 .text.HAL_TIM_Encoder_MspInit
                0x0800291c       0xfc ./Core/Src/stm32f4xx_hal_msp.o
                0x0800291c                HAL_TIM_Encoder_MspInit
 .text.HAL_TIM_MspPostInit
                0x08002a18       0x74 ./Core/Src/stm32f4xx_hal_msp.o
                0x08002a18                HAL_TIM_MspPostInit
 .text.HAL_UART_MspInit
                0x08002a8c       0x90 ./Core/Src/stm32f4xx_hal_msp.o
                0x08002a8c                HAL_UART_MspInit
 .text.NMI_Handler
                0x08002b1c        0x8 ./Core/Src/stm32f4xx_it.o
                0x08002b1c                NMI_Handler
 .text.HardFault_Handler
                0x08002b24        0x8 ./Core/Src/stm32f4xx_it.o
                0x08002b24                HardFault_Handler
 .text.MemManage_Handler
                0x08002b2c        0x8 ./Core/Src/stm32f4xx_it.o
                0x08002b2c                MemManage_Handler
 .text.BusFault_Handler
                0x08002b34        0x8 ./Core/Src/stm32f4xx_it.o
                0x08002b34                BusFault_Handler
 .text.UsageFault_Handler
                0x08002b3c        0x8 ./Core/Src/stm32f4xx_it.o
                0x08002b3c                UsageFault_Handler
 .text.SVC_Handler
                0x08002b44        0xe ./Core/Src/stm32f4xx_it.o
                0x08002b44                SVC_Handler
 .text.DebugMon_Handler
                0x08002b52        0xe ./Core/Src/stm32f4xx_it.o
                0x08002b52                DebugMon_Handler
 .text.PendSV_Handler
                0x08002b60        0xe ./Core/Src/stm32f4xx_it.o
                0x08002b60                PendSV_Handler
 .text.SysTick_Handler
                0x08002b6e        0xc ./Core/Src/stm32f4xx_it.o
                0x08002b6e                SysTick_Handler
 *fill*         0x08002b7a        0x2 
 .text.DMA2_Stream0_IRQHandler
                0x08002b7c       0x14 ./Core/Src/stm32f4xx_it.o
                0x08002b7c                DMA2_Stream0_IRQHandler
 .text.OTG_FS_IRQHandler
                0x08002b90       0x14 ./Core/Src/stm32f4xx_it.o
                0x08002b90                OTG_FS_IRQHandler
 .text.SystemInit
                0x08002ba4       0x24 ./Core/Src/system_stm32f4xx.o
                0x08002ba4                SystemInit
 .text.vel      0x08002bc8       0xc8 ./Core/Src/velocidad.o
                0x08002bc8                vel
 .text.calculo_rpm
                0x08002c90      0x184 ./Core/Src/velocidad.o
                0x08002c90                calculo_rpm
 .text.conversor
                0x08002e14       0x80 ./Core/Src/velocidad.o
                0x08002e14                conversor
 .text.conversor_mm_s
                0x08002e94       0x44 ./Core/Src/velocidad.o
                0x08002e94                conversor_mm_s
 .text.Reset_Handler
                0x08002ed8       0x50 ./Core/Startup/startup_stm32f411ceux.o
                0x08002ed8                Reset_Handler
 .text.Default_Handler
                0x08002f28        0x2 ./Core/Startup/startup_stm32f411ceux.o
                0x08002f28                RTC_Alarm_IRQHandler
                0x08002f28                EXTI2_IRQHandler
                0x08002f28                SPI4_IRQHandler
                0x08002f28                TIM1_CC_IRQHandler
                0x08002f28                DMA2_Stream5_IRQHandler
                0x08002f28                DMA1_Stream5_IRQHandler
                0x08002f28                PVD_IRQHandler
                0x08002f28                SDIO_IRQHandler
                0x08002f28                TAMP_STAMP_IRQHandler
                0x08002f28                EXTI3_IRQHandler
                0x08002f28                TIM1_UP_TIM10_IRQHandler
                0x08002f28                I2C3_ER_IRQHandler
                0x08002f28                EXTI0_IRQHandler
                0x08002f28                I2C2_EV_IRQHandler
                0x08002f28                DMA1_Stream2_IRQHandler
                0x08002f28                FPU_IRQHandler
                0x08002f28                DMA2_Stream2_IRQHandler
                0x08002f28                SPI1_IRQHandler
                0x08002f28                TIM1_BRK_TIM9_IRQHandler
                0x08002f28                DMA2_Stream3_IRQHandler
                0x08002f28                USART6_IRQHandler
                0x08002f28                TIM4_IRQHandler
                0x08002f28                I2C1_EV_IRQHandler
                0x08002f28                DMA1_Stream6_IRQHandler
                0x08002f28                DMA1_Stream1_IRQHandler
                0x08002f28                TIM3_IRQHandler
                0x08002f28                RCC_IRQHandler
                0x08002f28                Default_Handler
                0x08002f28                EXTI15_10_IRQHandler
                0x08002f28                ADC_IRQHandler
                0x08002f28                DMA1_Stream7_IRQHandler
                0x08002f28                SPI5_IRQHandler
                0x08002f28                TIM5_IRQHandler
                0x08002f28                DMA2_Stream7_IRQHandler
                0x08002f28                I2C3_EV_IRQHandler
                0x08002f28                EXTI9_5_IRQHandler
                0x08002f28                RTC_WKUP_IRQHandler
                0x08002f28                SPI2_IRQHandler
                0x08002f28                DMA1_Stream0_IRQHandler
                0x08002f28                EXTI4_IRQHandler
                0x08002f28                WWDG_IRQHandler
                0x08002f28                TIM2_IRQHandler
                0x08002f28                OTG_FS_WKUP_IRQHandler
                0x08002f28                TIM1_TRG_COM_TIM11_IRQHandler
                0x08002f28                EXTI1_IRQHandler
                0x08002f28                USART2_IRQHandler
                0x08002f28                I2C2_ER_IRQHandler
                0x08002f28                DMA2_Stream1_IRQHandler
                0x08002f28                FLASH_IRQHandler
                0x08002f28                DMA2_Stream4_IRQHandler
                0x08002f28                USART1_IRQHandler
                0x08002f28                SPI3_IRQHandler
                0x08002f28                DMA1_Stream4_IRQHandler
                0x08002f28                I2C1_ER_IRQHandler
                0x08002f28                DMA2_Stream6_IRQHandler
                0x08002f28                DMA1_Stream3_IRQHandler
 *fill*         0x08002f2a        0x2 
 .text.HAL_Init
                0x08002f2c       0x44 ./Drivers/STM32F4xx_HAL_Driver/Src/stm32f4xx_hal.o
                0x08002f2c                HAL_Init
 .text.HAL_InitTick
                0x08002f70       0x60 ./Drivers/STM32F4xx_HAL_Driver/Src/stm32f4xx_hal.o
                0x08002f70                HAL_InitTick
 .text.HAL_IncTick
                0x08002fd0       0x28 ./Drivers/STM32F4xx_HAL_Driver/Src/stm32f4xx_hal.o
                0x08002fd0                HAL_IncTick
 .text.HAL_GetTick
                0x08002ff8       0x18 ./Drivers/STM32F4xx_HAL_Driver/Src/stm32f4xx_hal.o
                0x08002ff8                HAL_GetTick
 .text.HAL_Delay
                0x08003010       0x48 ./Drivers/STM32F4xx_HAL_Driver/Src/stm32f4xx_hal.o
                0x08003010                HAL_Delay
 .text.HAL_ADC_Init
                0x08003058       0x86 ./Drivers/STM32F4xx_HAL_Driver/Src/stm32f4xx_hal_adc.o
                0x08003058                HAL_ADC_Init
 *fill*         0x080030de        0x2 
 .text.HAL_ADC_Start_DMA
                0x080030e0      0x1e0 ./Drivers/STM32F4xx_HAL_Driver/Src/stm32f4xx_hal_adc.o
                0x080030e0                HAL_ADC_Start_DMA
 .text.HAL_ADC_ConvHalfCpltCallback
                0x080032c0       0x14 ./Drivers/STM32F4xx_HAL_Driver/Src/stm32f4xx_hal_adc.o
                0x080032c0                HAL_ADC_ConvHalfCpltCallback
 .text.HAL_ADC_ErrorCallback
                0x080032d4       0x14 ./Drivers/STM32F4xx_HAL_Driver/Src/stm32f4xx_hal_adc.o
                0x080032d4                HAL_ADC_ErrorCallback
 .text.HAL_ADC_ConfigChannel
                0x080032e8      0x264 ./Drivers/STM32F4xx_HAL_Driver/Src/stm32f4xx_hal_adc.o
                0x080032e8                HAL_ADC_ConfigChannel
 .text.ADC_Init
                0x0800354c      0x1f8 ./Drivers/STM32F4xx_HAL_Driver/Src/stm32f4xx_hal_adc.o
 .text.ADC_DMAConvCplt
                0x08003744       0xba ./Drivers/STM32F4xx_HAL_Driver/Src/stm32f4xx_hal_adc.o
 .text.ADC_DMAHalfConvCplt
                0x080037fe       0x1c ./Drivers/STM32F4xx_HAL_Driver/Src/stm32f4xx_hal_adc.o
 .text.ADC_DMAError
                0x0800381a       0x2e ./Drivers/STM32F4xx_HAL_Driver/Src/stm32f4xx_hal_adc.o
 .text.__NVIC_SetPriorityGrouping
                0x08003848       0x48 ./Drivers/STM32F4xx_HAL_Driver/Src/stm32f4xx_hal_cortex.o
 .text.__NVIC_GetPriorityGrouping
                0x08003890       0x1c ./Drivers/STM32F4xx_HAL_Driver/Src/stm32f4xx_hal_cortex.o
 .text.__NVIC_EnableIRQ
                0x080038ac       0x3c ./Drivers/STM32F4xx_HAL_Driver/Src/stm32f4xx_hal_cortex.o
 .text.__NVIC_SetPriority
                0x080038e8       0x54 ./Drivers/STM32F4xx_HAL_Driver/Src/stm32f4xx_hal_cortex.o
 .text.NVIC_EncodePriority
                0x0800393c       0x66 ./Drivers/STM32F4xx_HAL_Driver/Src/stm32f4xx_hal_cortex.o
 *fill*         0x080039a2        0x2 
 .text.SysTick_Config
                0x080039a4       0x44 ./Drivers/STM32F4xx_HAL_Driver/Src/stm32f4xx_hal_cortex.o
 .text.HAL_NVIC_SetPriorityGrouping
                0x080039e8       0x16 ./Drivers/STM32F4xx_HAL_Driver/Src/stm32f4xx_hal_cortex.o
                0x080039e8                HAL_NVIC_SetPriorityGrouping
 .text.HAL_NVIC_SetPriority
                0x080039fe       0x38 ./Drivers/STM32F4xx_HAL_Driver/Src/stm32f4xx_hal_cortex.o
                0x080039fe                HAL_NVIC_SetPriority
 .text.HAL_NVIC_EnableIRQ
                0x08003a36       0x1c ./Drivers/STM32F4xx_HAL_Driver/Src/stm32f4xx_hal_cortex.o
                0x08003a36                HAL_NVIC_EnableIRQ
 .text.HAL_SYSTICK_Config
                0x08003a52       0x18 ./Drivers/STM32F4xx_HAL_Driver/Src/stm32f4xx_hal_cortex.o
                0x08003a52                HAL_SYSTICK_Config
 *fill*         0x08003a6a        0x2 
 .text.HAL_DMA_Init
                0x08003a6c      0x15c ./Drivers/STM32F4xx_HAL_Driver/Src/stm32f4xx_hal_dma.o
                0x08003a6c                HAL_DMA_Init
 .text.HAL_DMA_Start_IT
                0x08003bc8       0xb0 ./Drivers/STM32F4xx_HAL_Driver/Src/stm32f4xx_hal_dma.o
                0x08003bc8                HAL_DMA_Start_IT
 .text.HAL_DMA_IRQHandler
                0x08003c78      0x314 ./Drivers/STM32F4xx_HAL_Driver/Src/stm32f4xx_hal_dma.o
                0x08003c78                HAL_DMA_IRQHandler
 .text.DMA_SetConfig
                0x08003f8c       0x5c ./Drivers/STM32F4xx_HAL_Driver/Src/stm32f4xx_hal_dma.o
 .text.DMA_CalcBaseAndBitshift
                0x08003fe8       0x6c ./Drivers/STM32F4xx_HAL_Driver/Src/stm32f4xx_hal_dma.o
 .text.DMA_CheckFifoParam
                0x08004054       0xf8 ./Drivers/STM32F4xx_HAL_Driver/Src/stm32f4xx_hal_dma.o
 .text.HAL_GPIO_Init
                0x0800414c      0x308 ./Drivers/STM32F4xx_HAL_Driver/Src/stm32f4xx_hal_gpio.o
                0x0800414c                HAL_GPIO_Init
 .text.HAL_GPIO_ReadPin
                0x08004454       0x30 ./Drivers/STM32F4xx_HAL_Driver/Src/stm32f4xx_hal_gpio.o
                0x08004454                HAL_GPIO_ReadPin
 .text.HAL_GPIO_WritePin
                0x08004484       0x32 ./Drivers/STM32F4xx_HAL_Driver/Src/stm32f4xx_hal_gpio.o
                0x08004484                HAL_GPIO_WritePin
 .text.HAL_PCD_Init
                0x080044b6      0x21e ./Drivers/STM32F4xx_HAL_Driver/Src/stm32f4xx_hal_pcd.o
                0x080044b6                HAL_PCD_Init
 .text.HAL_PCD_Start
                0x080046d4       0x6a ./Drivers/STM32F4xx_HAL_Driver/Src/stm32f4xx_hal_pcd.o
                0x080046d4                HAL_PCD_Start
 .text.HAL_PCD_IRQHandler
                0x0800473e      0x942 ./Drivers/STM32F4xx_HAL_Driver/Src/stm32f4xx_hal_pcd.o
                0x0800473e                HAL_PCD_IRQHandler
 .text.HAL_PCD_SetAddress
                0x08005080       0x48 ./Drivers/STM32F4xx_HAL_Driver/Src/stm32f4xx_hal_pcd.o
                0x08005080                HAL_PCD_SetAddress
 .text.HAL_PCD_EP_Open
                0x080050c8       0xd4 ./Drivers/STM32F4xx_HAL_Driver/Src/stm32f4xx_hal_pcd.o
                0x080050c8                HAL_PCD_EP_Open
 .text.HAL_PCD_EP_Close
                0x0800519c       0x94 ./Drivers/STM32F4xx_HAL_Driver/Src/stm32f4xx_hal_pcd.o
                0x0800519c                HAL_PCD_EP_Close
 .text.HAL_PCD_EP_Receive
                0x08005230       0x76 ./Drivers/STM32F4xx_HAL_Driver/Src/stm32f4xx_hal_pcd.o
                0x08005230                HAL_PCD_EP_Receive
 .text.HAL_PCD_EP_GetRxCount
                0x080052a6       0x30 ./Drivers/STM32F4xx_HAL_Driver/Src/stm32f4xx_hal_pcd.o
                0x080052a6                HAL_PCD_EP_GetRxCount
 .text.HAL_PCD_EP_Transmit
                0x080052d6       0x74 ./Drivers/STM32F4xx_HAL_Driver/Src/stm32f4xx_hal_pcd.o
                0x080052d6                HAL_PCD_EP_Transmit
 .text.HAL_PCD_EP_SetStall
                0x0800534a       0xc6 ./Drivers/STM32F4xx_HAL_Driver/Src/stm32f4xx_hal_pcd.o
                0x0800534a                HAL_PCD_EP_SetStall
 .text.HAL_PCD_EP_ClrStall
                0x08005410       0xac ./Drivers/STM32F4xx_HAL_Driver/Src/stm32f4xx_hal_pcd.o
                0x08005410                HAL_PCD_EP_ClrStall
 .text.HAL_PCD_EP_Abort
                0x080054bc       0x62 ./Drivers/STM32F4xx_HAL_Driver/Src/stm32f4xx_hal_pcd.o
                0x080054bc                HAL_PCD_EP_Abort
 .text.PCD_WriteEmptyTxFifo
                0x0800551e      0x118 ./Drivers/STM32F4xx_HAL_Driver/Src/stm32f4xx_hal_pcd.o
 *fill*         0x08005636        0x2 
 .text.PCD_EP_OutXfrComplete_int
                0x08005638      0x1d0 ./Drivers/STM32F4xx_HAL_Driver/Src/stm32f4xx_hal_pcd.o
 .text.PCD_EP_OutSetupPacket_int
                0x08005808       0x8c ./Drivers/STM32F4xx_HAL_Driver/Src/stm32f4xx_hal_pcd.o
 .text.HAL_PCDEx_SetTxFiFo
                0x08005894       0x8e ./Drivers/STM32F4xx_HAL_Driver/Src/stm32f4xx_hal_pcd_ex.o
                0x08005894                HAL_PCDEx_SetTxFiFo
 .text.HAL_PCDEx_SetRxFiFo
                0x08005922       0x22 ./Drivers/STM32F4xx_HAL_Driver/Src/stm32f4xx_hal_pcd_ex.o
                0x08005922                HAL_PCDEx_SetRxFiFo
 .text.HAL_PCDEx_LPM_Callback
                0x08005944       0x18 ./Drivers/STM32F4xx_HAL_Driver/Src/stm32f4xx_hal_pcd_ex.o
                0x08005944                HAL_PCDEx_LPM_Callback
 .text.HAL_RCC_OscConfig
                0x0800595c      0x4f0 ./Drivers/STM32F4xx_HAL_Driver/Src/stm32f4xx_hal_rcc.o
                0x0800595c                HAL_RCC_OscConfig
 .text.HAL_RCC_ClockConfig
                0x08005e4c      0x1cc ./Drivers/STM32F4xx_HAL_Driver/Src/stm32f4xx_hal_rcc.o
                0x08005e4c                HAL_RCC_ClockConfig
 .text.HAL_RCC_GetSysClockFreq
                0x08006018      0x18c ./Drivers/STM32F4xx_HAL_Driver/Src/stm32f4xx_hal_rcc.o
                0x08006018                HAL_RCC_GetSysClockFreq
 .text.HAL_RCC_GetHCLKFreq
                0x080061a4       0x18 ./Drivers/STM32F4xx_HAL_Driver/Src/stm32f4xx_hal_rcc.o
                0x080061a4                HAL_RCC_GetHCLKFreq
 .text.HAL_RCC_GetPCLK1Freq
                0x080061bc       0x28 ./Drivers/STM32F4xx_HAL_Driver/Src/stm32f4xx_hal_rcc.o
                0x080061bc                HAL_RCC_GetPCLK1Freq
 .text.HAL_RCC_GetPCLK2Freq
                0x080061e4       0x28 ./Drivers/STM32F4xx_HAL_Driver/Src/stm32f4xx_hal_rcc.o
                0x080061e4                HAL_RCC_GetPCLK2Freq
 .text.HAL_TIM_Base_Init
                0x0800620c       0x9e ./Drivers/STM32F4xx_HAL_Driver/Src/stm32f4xx_hal_tim.o
                0x0800620c                HAL_TIM_Base_Init
 *fill*         0x080062aa        0x2 
 .text.HAL_TIM_Base_Start
                0x080062ac       0xb4 ./Drivers/STM32F4xx_HAL_Driver/Src/stm32f4xx_hal_tim.o
                0x080062ac                HAL_TIM_Base_Start
 .text.HAL_TIM_PWM_Init
                0x08006360       0x9e ./Drivers/STM32F4xx_HAL_Driver/Src/stm32f4xx_hal_tim.o
                0x08006360                HAL_TIM_PWM_Init
 .text.HAL_TIM_PWM_MspInit
                0x080063fe       0x14 ./Drivers/STM32F4xx_HAL_Driver/Src/stm32f4xx_hal_tim.o
                0x080063fe                HAL_TIM_PWM_MspInit
 *fill*         0x08006412        0x2 
 .text.HAL_TIM_PWM_Start
                0x08006414      0x160 ./Drivers/STM32F4xx_HAL_Driver/Src/stm32f4xx_hal_tim.o
                0x08006414                HAL_TIM_PWM_Start
 .text.HAL_TIM_Encoder_Init
                0x08006574      0x14c ./Drivers/STM32F4xx_HAL_Driver/Src/stm32f4xx_hal_tim.o
                0x08006574                HAL_TIM_Encoder_Init
 .text.HAL_TIM_Encoder_Start
                0x080066c0      0x11c ./Drivers/STM32F4xx_HAL_Driver/Src/stm32f4xx_hal_tim.o
                0x080066c0                HAL_TIM_Encoder_Start
 .text.HAL_TIM_PWM_ConfigChannel
                0x080067dc      0x184 ./Drivers/STM32F4xx_HAL_Driver/Src/stm32f4xx_hal_tim.o
                0x080067dc                HAL_TIM_PWM_ConfigChannel
 .text.HAL_TIM_ConfigClockSource
                0x08006960      0x18e ./Drivers/STM32F4xx_HAL_Driver/Src/stm32f4xx_hal_tim.o
                0x08006960                HAL_TIM_ConfigClockSource
 *fill*         0x08006aee        0x2 
 .text.TIM_Base_SetConfig
                0x08006af0      0x118 ./Drivers/STM32F4xx_HAL_Driver/Src/stm32f4xx_hal_tim.o
                0x08006af0                TIM_Base_SetConfig
 .text.TIM_OC1_SetConfig
                0x08006c08       0xcc ./Drivers/STM32F4xx_HAL_Driver/Src/stm32f4xx_hal_tim.o
 .text.TIM_OC2_SetConfig
                0x08006cd4       0xd8 ./Drivers/STM32F4xx_HAL_Driver/Src/stm32f4xx_hal_tim.o
                0x08006cd4                TIM_OC2_SetConfig
 .text.TIM_OC3_SetConfig
                0x08006dac       0xd4 ./Drivers/STM32F4xx_HAL_Driver/Src/stm32f4xx_hal_tim.o
 .text.TIM_OC4_SetConfig
                0x08006e80       0xa0 ./Drivers/STM32F4xx_HAL_Driver/Src/stm32f4xx_hal_tim.o
 .text.TIM_TI1_ConfigInputStage
                0x08006f20       0x5e ./Drivers/STM32F4xx_HAL_Driver/Src/stm32f4xx_hal_tim.o
 .text.TIM_TI2_ConfigInputStage
                0x08006f7e       0x60 ./Drivers/STM32F4xx_HAL_Driver/Src/stm32f4xx_hal_tim.o
 .text.TIM_ITRx_SetConfig
                0x08006fde       0x36 ./Drivers/STM32F4xx_HAL_Driver/Src/stm32f4xx_hal_tim.o
 .text.TIM_ETR_SetConfig
                0x08007014       0x40 ./Drivers/STM32F4xx_HAL_Driver/Src/stm32f4xx_hal_tim.o
                0x08007014                TIM_ETR_SetConfig
 .text.TIM_CCxChannelCmd
                0x08007054       0x4a ./Drivers/STM32F4xx_HAL_Driver/Src/stm32f4xx_hal_tim.o
                0x08007054                TIM_CCxChannelCmd
 *fill*         0x0800709e        0x2 
 .text.HAL_TIMEx_MasterConfigSynchronization
                0x080070a0       0xdc ./Drivers/STM32F4xx_HAL_Driver/Src/stm32f4xx_hal_tim_ex.o
                0x080070a0                HAL_TIMEx_MasterConfigSynchronization
 .text.HAL_UART_Init
                0x0800717c       0xa0 ./Drivers/STM32F4xx_HAL_Driver/Src/stm32f4xx_hal_uart.o
                0x0800717c                HAL_UART_Init
 .text.UART_SetConfig
                0x0800721c      0x4e8 ./Drivers/STM32F4xx_HAL_Driver/Src/stm32f4xx_hal_uart.o
 .text.USB_CoreInit
                0x08007704       0xc8 ./Drivers/STM32F4xx_HAL_Driver/Src/stm32f4xx_ll_usb.o
                0x08007704                USB_CoreInit
 .text.USB_SetTurnaroundTime
                0x080077cc      0x144 ./Drivers/STM32F4xx_HAL_Driver/Src/stm32f4xx_ll_usb.o
                0x080077cc                USB_SetTurnaroundTime
 .text.USB_EnableGlobalInt
                0x08007910       0x22 ./Drivers/STM32F4xx_HAL_Driver/Src/stm32f4xx_ll_usb.o
                0x08007910                USB_EnableGlobalInt
 .text.USB_DisableGlobalInt
                0x08007932       0x22 ./Drivers/STM32F4xx_HAL_Driver/Src/stm32f4xx_ll_usb.o
                0x08007932                USB_DisableGlobalInt
 .text.USB_SetCurrentMode
                0x08007954       0x98 ./Drivers/STM32F4xx_HAL_Driver/Src/stm32f4xx_ll_usb.o
                0x08007954                USB_SetCurrentMode
 .text.USB_DevInit
                0x080079ec      0x2c8 ./Drivers/STM32F4xx_HAL_Driver/Src/stm32f4xx_ll_usb.o
                0x080079ec                USB_DevInit
 .text.USB_FlushTxFifo
                0x08007cb4       0x64 ./Drivers/STM32F4xx_HAL_Driver/Src/stm32f4xx_ll_usb.o
                0x08007cb4                USB_FlushTxFifo
 .text.USB_FlushRxFifo
                0x08007d18       0x5c ./Drivers/STM32F4xx_HAL_Driver/Src/stm32f4xx_ll_usb.o
                0x08007d18                USB_FlushRxFifo
 .text.USB_SetDevSpeed
                0x08007d74       0x32 ./Drivers/STM32F4xx_HAL_Driver/Src/stm32f4xx_ll_usb.o
                0x08007d74                USB_SetDevSpeed
 .text.USB_GetDevSpeed
                0x08007da6       0x4a ./Drivers/STM32F4xx_HAL_Driver/Src/stm32f4xx_ll_usb.o
                0x08007da6                USB_GetDevSpeed
 .text.USB_ActivateEndpoint
                0x08007df0      0x10e ./Drivers/STM32F4xx_HAL_Driver/Src/stm32f4xx_ll_usb.o
                0x08007df0                USB_ActivateEndpoint
 *fill*         0x08007efe        0x2 
 .text.USB_DeactivateEndpoint
                0x08007f00      0x1b8 ./Drivers/STM32F4xx_HAL_Driver/Src/stm32f4xx_ll_usb.o
                0x08007f00                USB_DeactivateEndpoint
 .text.USB_EPStartXfer
                0x080080b8      0x53c ./Drivers/STM32F4xx_HAL_Driver/Src/stm32f4xx_ll_usb.o
                0x080080b8                USB_EPStartXfer
 .text.USB_EPStopXfer
                0x080085f4      0x154 ./Drivers/STM32F4xx_HAL_Driver/Src/stm32f4xx_ll_usb.o
                0x080085f4                USB_EPStopXfer
 .text.USB_WritePacket
                0x08008748       0x7c ./Drivers/STM32F4xx_HAL_Driver/Src/stm32f4xx_ll_usb.o
                0x08008748                USB_WritePacket
 .text.USB_ReadPacket
                0x080087c4       0xb0 ./Drivers/STM32F4xx_HAL_Driver/Src/stm32f4xx_ll_usb.o
                0x080087c4                USB_ReadPacket
 .text.USB_EPSetStall
                0x08008874       0xdc ./Drivers/STM32F4xx_HAL_Driver/Src/stm32f4xx_ll_usb.o
                0x08008874                USB_EPSetStall
 .text.USB_EPClearStall
                0x08008950       0xcc ./Drivers/STM32F4xx_HAL_Driver/Src/stm32f4xx_ll_usb.o
                0x08008950                USB_EPClearStall
 .text.USB_SetDevAddress
                0x08008a1c       0x4c ./Drivers/STM32F4xx_HAL_Driver/Src/stm32f4xx_ll_usb.o
                0x08008a1c                USB_SetDevAddress
 .text.USB_DevConnect
                0x08008a68       0x42 ./Drivers/STM32F4xx_HAL_Driver/Src/stm32f4xx_ll_usb.o
                0x08008a68                USB_DevConnect
 .text.USB_DevDisconnect
                0x08008aaa       0x42 ./Drivers/STM32F4xx_HAL_Driver/Src/stm32f4xx_ll_usb.o
                0x08008aaa                USB_DevDisconnect
 .text.USB_ReadInterrupts
                0x08008aec       0x26 ./Drivers/STM32F4xx_HAL_Driver/Src/stm32f4xx_ll_usb.o
                0x08008aec                USB_ReadInterrupts
 .text.USB_ReadDevAllOutEpInterrupt
                0x08008b12       0x34 ./Drivers/STM32F4xx_HAL_Driver/Src/stm32f4xx_ll_usb.o
                0x08008b12                USB_ReadDevAllOutEpInterrupt
 .text.USB_ReadDevAllInEpInterrupt
                0x08008b46       0x34 ./Drivers/STM32F4xx_HAL_Driver/Src/stm32f4xx_ll_usb.o
                0x08008b46                USB_ReadDevAllInEpInterrupt
 .text.USB_ReadDevOutEPInterrupt
                0x08008b7a       0x3c ./Drivers/STM32F4xx_HAL_Driver/Src/stm32f4xx_ll_usb.o
                0x08008b7a                USB_ReadDevOutEPInterrupt
 .text.USB_ReadDevInEPInterrupt
                0x08008bb6       0x5c ./Drivers/STM32F4xx_HAL_Driver/Src/stm32f4xx_ll_usb.o
                0x08008bb6                USB_ReadDevInEPInterrupt
 .text.USB_GetMode
                0x08008c12       0x1c ./Drivers/STM32F4xx_HAL_Driver/Src/stm32f4xx_ll_usb.o
                0x08008c12                USB_GetMode
 .text.USB_ActivateSetup
                0x08008c2e       0x46 ./Drivers/STM32F4xx_HAL_Driver/Src/stm32f4xx_ll_usb.o
                0x08008c2e                USB_ActivateSetup
 .text.USB_EP0_OutStart
                0x08008c74       0xbc ./Drivers/STM32F4xx_HAL_Driver/Src/stm32f4xx_ll_usb.o
                0x08008c74                USB_EP0_OutStart
 .text.USB_CoreReset
                0x08008d30       0x62 ./Drivers/STM32F4xx_HAL_Driver/Src/stm32f4xx_ll_usb.o
 *fill*         0x08008d92        0x2 
 .text.USBD_CDC_Init
                0x08008d94      0x1f0 ./Middlewares/ST/STM32_USB_Device_Library/Class/CDC/Src/usbd_cdc.o
 .text.USBD_CDC_DeInit
                0x08008f84      0x104 ./Middlewares/ST/STM32_USB_Device_Library/Class/CDC/Src/usbd_cdc.o
 .text.USBD_CDC_Setup
                0x08009088      0x1b8 ./Middlewares/ST/STM32_USB_Device_Library/Class/CDC/Src/usbd_cdc.o
 .text.USBD_CDC_DataIn
                0x08009240       0xfe ./Middlewares/ST/STM32_USB_Device_Library/Class/CDC/Src/usbd_cdc.o
 .text.USBD_CDC_DataOut
                0x0800933e       0x70 ./Middlewares/ST/STM32_USB_Device_Library/Class/CDC/Src/usbd_cdc.o
 .text.USBD_CDC_EP0_RxReady
                0x080093ae       0x74 ./Middlewares/ST/STM32_USB_Device_Library/Class/CDC/Src/usbd_cdc.o
 *fill*         0x08009422        0x2 
 .text.USBD_CDC_GetFSCfgDesc
                0x08009424       0x70 ./Middlewares/ST/STM32_USB_Device_Library/Class/CDC/Src/usbd_cdc.o
 .text.USBD_CDC_GetHSCfgDesc
                0x08009494       0x70 ./Middlewares/ST/STM32_USB_Device_Library/Class/CDC/Src/usbd_cdc.o
 .text.USBD_CDC_GetOtherSpeedCfgDesc
                0x08009504       0x70 ./Middlewares/ST/STM32_USB_Device_Library/Class/CDC/Src/usbd_cdc.o
 .text.USBD_CDC_GetDeviceQualifierDescriptor
                0x08009574       0x20 ./Middlewares/ST/STM32_USB_Device_Library/Class/CDC/Src/usbd_cdc.o
                0x08009574                USBD_CDC_GetDeviceQualifierDescriptor
 .text.USBD_CDC_RegisterInterface
                0x08009594       0x34 ./Middlewares/ST/STM32_USB_Device_Library/Class/CDC/Src/usbd_cdc.o
                0x08009594                USBD_CDC_RegisterInterface
 .text.USBD_CDC_SetTxBuffer
                0x080095c8       0x44 ./Middlewares/ST/STM32_USB_Device_Library/Class/CDC/Src/usbd_cdc.o
                0x080095c8                USBD_CDC_SetTxBuffer
 .text.USBD_CDC_SetRxBuffer
                0x0800960c       0x3a ./Middlewares/ST/STM32_USB_Device_Library/Class/CDC/Src/usbd_cdc.o
                0x0800960c                USBD_CDC_SetRxBuffer
 *fill*         0x08009646        0x2 
 .text.USBD_CDC_TransmitPacket
                0x08009648       0x80 ./Middlewares/ST/STM32_USB_Device_Library/Class/CDC/Src/usbd_cdc.o
                0x08009648                USBD_CDC_TransmitPacket
 .text.USBD_CDC_ReceivePacket
                0x080096c8       0x6c ./Middlewares/ST/STM32_USB_Device_Library/Class/CDC/Src/usbd_cdc.o
                0x080096c8                USBD_CDC_ReceivePacket
 .text.USBD_Init
                0x08009734       0x60 ./Middlewares/ST/STM32_USB_Device_Library/Core/Src/usbd_core.o
                0x08009734                USBD_Init
 .text.USBD_RegisterClass
                0x08009794       0x6c ./Middlewares/ST/STM32_USB_Device_Library/Core/Src/usbd_core.o
                0x08009794                USBD_RegisterClass
 .text.USBD_Start
                0x08009800       0x18 ./Middlewares/ST/STM32_USB_Device_Library/Core/Src/usbd_core.o
                0x08009800                USBD_Start
 .text.USBD_RunTestMode
                0x08009818       0x16 ./Middlewares/ST/STM32_USB_Device_Library/Core/Src/usbd_core.o
                0x08009818                USBD_RunTestMode
 .text.USBD_SetClassConfig
                0x0800982e       0x38 ./Middlewares/ST/STM32_USB_Device_Library/Core/Src/usbd_core.o
                0x0800982e                USBD_SetClassConfig
 .text.USBD_ClrClassConfig
                0x08009866       0x34 ./Middlewares/ST/STM32_USB_Device_Library/Core/Src/usbd_core.o
                0x08009866                USBD_ClrClassConfig
 .text.USBD_LL_SetupStage
                0x0800989a       0xaa ./Middlewares/ST/STM32_USB_Device_Library/Core/Src/usbd_core.o
                0x0800989a                USBD_LL_SetupStage
 .text.USBD_LL_DataOutStage
                0x08009944      0x166 ./Middlewares/ST/STM32_USB_Device_Library/Core/Src/usbd_core.o
                0x08009944                USBD_LL_DataOutStage
 .text.USBD_LL_DataInStage
                0x08009aaa      0x164 ./Middlewares/ST/STM32_USB_Device_Library/Core/Src/usbd_core.o
                0x08009aaa                USBD_LL_DataInStage
 .text.USBD_LL_Reset
                0x08009c0e       0xa4 ./Middlewares/ST/STM32_USB_Device_Library/Core/Src/usbd_core.o
                0x08009c0e                USBD_LL_Reset
 .text.USBD_LL_SetSpeed
                0x08009cb2       0x20 ./Middlewares/ST/STM32_USB_Device_Library/Core/Src/usbd_core.o
                0x08009cb2                USBD_LL_SetSpeed
 .text.USBD_LL_Suspend
                0x08009cd2       0x38 ./Middlewares/ST/STM32_USB_Device_Library/Core/Src/usbd_core.o
                0x08009cd2                USBD_LL_Suspend
 .text.USBD_LL_Resume
                0x08009d0a       0x30 ./Middlewares/ST/STM32_USB_Device_Library/Core/Src/usbd_core.o
                0x08009d0a                USBD_LL_Resume
 .text.USBD_LL_SOF
                0x08009d3a       0x40 ./Middlewares/ST/STM32_USB_Device_Library/Core/Src/usbd_core.o
                0x08009d3a                USBD_LL_SOF
 .text.USBD_LL_IsoINIncomplete
                0x08009d7a       0x64 ./Middlewares/ST/STM32_USB_Device_Library/Core/Src/usbd_core.o
                0x08009d7a                USBD_LL_IsoINIncomplete
 .text.USBD_LL_IsoOUTIncomplete
                0x08009dde       0x64 ./Middlewares/ST/STM32_USB_Device_Library/Core/Src/usbd_core.o
                0x08009dde                USBD_LL_IsoOUTIncomplete
 .text.USBD_LL_DevConnected
                0x08009e42       0x16 ./Middlewares/ST/STM32_USB_Device_Library/Core/Src/usbd_core.o
                0x08009e42                USBD_LL_DevConnected
 .text.USBD_LL_DevDisconnected
                0x08009e58       0x46 ./Middlewares/ST/STM32_USB_Device_Library/Core/Src/usbd_core.o
                0x08009e58                USBD_LL_DevDisconnected
 .text.USBD_CoreFindIF
                0x08009e9e       0x1a ./Middlewares/ST/STM32_USB_Device_Library/Core/Src/usbd_core.o
                0x08009e9e                USBD_CoreFindIF
 .text.USBD_CoreFindEP
                0x08009eb8       0x1a ./Middlewares/ST/STM32_USB_Device_Library/Core/Src/usbd_core.o
                0x08009eb8                USBD_CoreFindEP
 .text.USBD_GetEpDesc
                0x08009ed2       0x70 ./Middlewares/ST/STM32_USB_Device_Library/Core/Src/usbd_core.o
                0x08009ed2                USBD_GetEpDesc
 .text.USBD_GetNextDesc
                0x08009f42       0x38 ./Middlewares/ST/STM32_USB_Device_Library/Core/Src/usbd_core.o
                0x08009f42                USBD_GetNextDesc
 .text.SWAPBYTE
                0x08009f7a       0x3c ./Middlewares/ST/STM32_USB_Device_Library/Core/Src/usbd_ctlreq.o
 *fill*         0x08009fb6        0x2 
 .text.USBD_StdDevReq
                0x08009fb8       0xe4 ./Middlewares/ST/STM32_USB_Device_Library/Core/Src/usbd_ctlreq.o
                0x08009fb8                USBD_StdDevReq
 .text.USBD_StdItfReq
                0x0800a09c       0xd8 ./Middlewares/ST/STM32_USB_Device_Library/Core/Src/usbd_ctlreq.o
                0x0800a09c                USBD_StdItfReq
 .text.USBD_StdEPReq
                0x0800a174      0x33a ./Middlewares/ST/STM32_USB_Device_Library/Core/Src/usbd_ctlreq.o
                0x0800a174                USBD_StdEPReq
 *fill*         0x0800a4ae        0x2 
 .text.USBD_GetDescriptor
                0x0800a4b0      0x2d4 ./Middlewares/ST/STM32_USB_Device_Library/Core/Src/usbd_ctlreq.o
 .text.USBD_SetAddress
                0x0800a784       0x88 ./Middlewares/ST/STM32_USB_Device_Library/Core/Src/usbd_ctlreq.o
 .text.USBD_SetConfig
                0x0800a80c      0x154 ./Middlewares/ST/STM32_USB_Device_Library/Core/Src/usbd_ctlreq.o
 .text.USBD_GetConfig
                0x0800a960       0x6c ./Middlewares/ST/STM32_USB_Device_Library/Core/Src/usbd_ctlreq.o
 .text.USBD_GetStatus
                0x0800a9cc       0x68 ./Middlewares/ST/STM32_USB_Device_Library/Core/Src/usbd_ctlreq.o
 .text.USBD_SetFeature
                0x0800aa34       0x52 ./Middlewares/ST/STM32_USB_Device_Library/Core/Src/usbd_ctlreq.o
 .text.USBD_ClrFeature
                0x0800aa86       0x44 ./Middlewares/ST/STM32_USB_Device_Library/Core/Src/usbd_ctlreq.o
 .text.USBD_ParseSetupRequest
                0x0800aaca       0x74 ./Middlewares/ST/STM32_USB_Device_Library/Core/Src/usbd_ctlreq.o
                0x0800aaca                USBD_ParseSetupRequest
 .text.USBD_CtlError
                0x0800ab3e       0x22 ./Middlewares/ST/STM32_USB_Device_Library/Core/Src/usbd_ctlreq.o
                0x0800ab3e                USBD_CtlError
 .text.USBD_GetString
                0x0800ab60       0xa4 ./Middlewares/ST/STM32_USB_Device_Library/Core/Src/usbd_ctlreq.o
                0x0800ab60                USBD_GetString
 .text.USBD_GetLen
                0x0800ac04       0x34 ./Middlewares/ST/STM32_USB_Device_Library/Core/Src/usbd_ctlreq.o
 .text.USBD_CtlSendData
                0x0800ac38       0x36 ./Middlewares/ST/STM32_USB_Device_Library/Core/Src/usbd_ioreq.o
                0x0800ac38                USBD_CtlSendData
 .text.USBD_CtlContinueSendData
                0x0800ac6e       0x22 ./Middlewares/ST/STM32_USB_Device_Library/Core/Src/usbd_ioreq.o
                0x0800ac6e                USBD_CtlContinueSendData
 .text.USBD_CtlPrepareRx
                0x0800ac90       0x3a ./Middlewares/ST/STM32_USB_Device_Library/Core/Src/usbd_ioreq.o
                0x0800ac90                USBD_CtlPrepareRx
 .text.USBD_CtlContinueRx
                0x0800acca       0x22 ./Middlewares/ST/STM32_USB_Device_Library/Core/Src/usbd_ioreq.o
                0x0800acca                USBD_CtlContinueRx
 .text.USBD_CtlSendStatus
                0x0800acec       0x26 ./Middlewares/ST/STM32_USB_Device_Library/Core/Src/usbd_ioreq.o
                0x0800acec                USBD_CtlSendStatus
 .text.USBD_CtlReceiveStatus
                0x0800ad12       0x26 ./Middlewares/ST/STM32_USB_Device_Library/Core/Src/usbd_ioreq.o
                0x0800ad12                USBD_CtlReceiveStatus
 .text.MX_USB_DEVICE_Init
                0x0800ad38       0x60 ./USB_DEVICE/App/usb_device.o
                0x0800ad38                MX_USB_DEVICE_Init
 .text.CDC_Init_FS
                0x0800ad98       0x28 ./USB_DEVICE/App/usbd_cdc_if.o
 .text.CDC_DeInit_FS
                0x0800adc0       0x10 ./USB_DEVICE/App/usbd_cdc_if.o
 .text.CDC_Control_FS
                0x0800add0       0xbc ./USB_DEVICE/App/usbd_cdc_if.o
 .text.CDC_Receive_FS
                0x0800ae8c       0x34 ./USB_DEVICE/App/usbd_cdc_if.o
 .text.CDC_Transmit_FS
                0x0800aec0       0x4c ./USB_DEVICE/App/usbd_cdc_if.o
                0x0800aec0                CDC_Transmit_FS
 .text.CDC_TransmitCplt_FS
                0x0800af0c       0x22 ./USB_DEVICE/App/usbd_cdc_if.o
 *fill*         0x0800af2e        0x2 
 .text.USBD_FS_DeviceDescriptor
                0x0800af30       0x24 ./USB_DEVICE/App/usbd_desc.o
                0x0800af30                USBD_FS_DeviceDescriptor
 .text.USBD_FS_LangIDStrDescriptor
                0x0800af54       0x24 ./USB_DEVICE/App/usbd_desc.o
                0x0800af54                USBD_FS_LangIDStrDescriptor
 .text.USBD_FS_ProductStrDescriptor
                0x0800af78       0x3c ./USB_DEVICE/App/usbd_desc.o
                0x0800af78                USBD_FS_ProductStrDescriptor
 .text.USBD_FS_ManufacturerStrDescriptor
                0x0800afb4       0x28 ./USB_DEVICE/App/usbd_desc.o
                0x0800afb4                USBD_FS_ManufacturerStrDescriptor
 .text.USBD_FS_SerialStrDescriptor
                0x0800afdc       0x24 ./USB_DEVICE/App/usbd_desc.o
                0x0800afdc                USBD_FS_SerialStrDescriptor
 .text.USBD_FS_ConfigStrDescriptor
                0x0800b000       0x3c ./USB_DEVICE/App/usbd_desc.o
                0x0800b000                USBD_FS_ConfigStrDescriptor
 .text.USBD_FS_InterfaceStrDescriptor
                0x0800b03c       0x3c ./USB_DEVICE/App/usbd_desc.o
                0x0800b03c                USBD_FS_InterfaceStrDescriptor
 .text.Get_SerialNum
                0x0800b078       0x58 ./USB_DEVICE/App/usbd_desc.o
 .text.IntToUnicode
                0x0800b0d0       0x7e ./USB_DEVICE/App/usbd_desc.o
 *fill*         0x0800b14e        0x2 
 .text.HAL_PCD_MspInit
                0x0800b150       0xa8 ./USB_DEVICE/Target/usbd_conf.o
                0x0800b150                HAL_PCD_MspInit
 .text.HAL_PCD_SetupStageCallback
                0x0800b1f8       0x24 ./USB_DEVICE/Target/usbd_conf.o
                0x0800b1f8                HAL_PCD_SetupStageCallback
 .text.HAL_PCD_DataOutStageCallback
                0x0800b21c       0x36 ./USB_DEVICE/Target/usbd_conf.o
                0x0800b21c                HAL_PCD_DataOutStageCallback
 .text.HAL_PCD_DataInStageCallback
                0x0800b252       0x34 ./USB_DEVICE/Target/usbd_conf.o
                0x0800b252                HAL_PCD_DataInStageCallback
 .text.HAL_PCD_SOFCallback
                0x0800b286       0x1c ./USB_DEVICE/Target/usbd_conf.o
                0x0800b286                HAL_PCD_SOFCallback
 .text.HAL_PCD_ResetCallback
                0x0800b2a2       0x3c ./USB_DEVICE/Target/usbd_conf.o
                0x0800b2a2                HAL_PCD_ResetCallback
 *fill*         0x0800b2de        0x2 
 .text.HAL_PCD_SuspendCallback
                0x0800b2e0       0x4c ./USB_DEVICE/Target/usbd_conf.o
                0x0800b2e0                HAL_PCD_SuspendCallback
 .text.HAL_PCD_ResumeCallback
                0x0800b32c       0x1c ./USB_DEVICE/Target/usbd_conf.o
                0x0800b32c                HAL_PCD_ResumeCallback
 .text.HAL_PCD_ISOOUTIncompleteCallback
                0x0800b348       0x24 ./USB_DEVICE/Target/usbd_conf.o
                0x0800b348                HAL_PCD_ISOOUTIncompleteCallback
 .text.HAL_PCD_ISOINIncompleteCallback
                0x0800b36c       0x24 ./USB_DEVICE/Target/usbd_conf.o
                0x0800b36c                HAL_PCD_ISOINIncompleteCallback
 .text.HAL_PCD_ConnectCallback
                0x0800b390       0x1c ./USB_DEVICE/Target/usbd_conf.o
                0x0800b390                HAL_PCD_ConnectCallback
 .text.HAL_PCD_DisconnectCallback
                0x0800b3ac       0x1c ./USB_DEVICE/Target/usbd_conf.o
                0x0800b3ac                HAL_PCD_DisconnectCallback
 .text.USBD_LL_Init
                0x0800b3c8       0x98 ./USB_DEVICE/Target/usbd_conf.o
                0x0800b3c8                USBD_LL_Init
 .text.USBD_LL_Start
                0x0800b460       0x36 ./USB_DEVICE/Target/usbd_conf.o
                0x0800b460                USBD_LL_Start
 .text.USBD_LL_OpenEP
                0x0800b496       0x4c ./USB_DEVICE/Target/usbd_conf.o
                0x0800b496                USBD_LL_OpenEP
 .text.USBD_LL_CloseEP
                0x0800b4e2       0x3e ./USB_DEVICE/Target/usbd_conf.o
                0x0800b4e2                USBD_LL_CloseEP
 .text.USBD_LL_StallEP
                0x0800b520       0x3e ./USB_DEVICE/Target/usbd_conf.o
                0x0800b520                USBD_LL_StallEP
 .text.USBD_LL_ClearStallEP
                0x0800b55e       0x3e ./USB_DEVICE/Target/usbd_conf.o
                0x0800b55e                USBD_LL_ClearStallEP
 .text.USBD_LL_IsStallEP
                0x0800b59c       0x58 ./USB_DEVICE/Target/usbd_conf.o
                0x0800b59c                USBD_LL_IsStallEP
 .text.USBD_LL_SetUSBAddress
                0x0800b5f4       0x3e ./USB_DEVICE/Target/usbd_conf.o
                0x0800b5f4                USBD_LL_SetUSBAddress
 .text.USBD_LL_Transmit
                0x0800b632       0x42 ./USB_DEVICE/Target/usbd_conf.o
                0x0800b632                USBD_LL_Transmit
 .text.USBD_LL_PrepareReceive
                0x0800b674       0x42 ./USB_DEVICE/Target/usbd_conf.o
                0x0800b674                USBD_LL_PrepareReceive
 .text.USBD_LL_GetRxDataSize
                0x0800b6b6       0x26 ./USB_DEVICE/Target/usbd_conf.o
                0x0800b6b6                USBD_LL_GetRxDataSize
 .text.USBD_static_malloc
                0x0800b6dc       0x1c ./USB_DEVICE/Target/usbd_conf.o
                0x0800b6dc                USBD_static_malloc
 .text.USBD_static_free
                0x0800b6f8       0x14 ./USB_DEVICE/Target/usbd_conf.o
                0x0800b6f8                USBD_static_free
 .text.USBD_Get_USB_Status
                0x0800b70c       0x58 ./USB_DEVICE/Target/usbd_conf.o
                0x0800b70c                USBD_Get_USB_Status
 .text.memset   0x0800b764       0x10 C:/ST/STM32CubeIDE_1.17.0/STM32CubeIDE/plugins/com.st.stm32cube.ide.mcu.externaltools.gnu-tools-for-stm32.12.3.rel1.win32_1.1.0.202410251130/tools/bin/../lib/gcc/arm-none-eabi/12.3.1/../../../../arm-none-eabi/lib/thumb/v7e-m+fp/hard\libc_nano.a(libc_a-memset.o)
                0x0800b764                memset
 .text.__libc_init_array
                0x0800b774       0x48 C:/ST/STM32CubeIDE_1.17.0/STM32CubeIDE/plugins/com.st.stm32cube.ide.mcu.externaltools.gnu-tools-for-stm32.12.3.rel1.win32_1.1.0.202410251130/tools/bin/../lib/gcc/arm-none-eabi/12.3.1/../../../../arm-none-eabi/lib/thumb/v7e-m+fp/hard\libc_nano.a(libc_a-init.o)
                0x0800b774                __libc_init_array
 .text.memcpy   0x0800b7bc       0x1c C:/ST/STM32CubeIDE_1.17.0/STM32CubeIDE/plugins/com.st.stm32cube.ide.mcu.externaltools.gnu-tools-for-stm32.12.3.rel1.win32_1.1.0.202410251130/tools/bin/../lib/gcc/arm-none-eabi/12.3.1/../../../../arm-none-eabi/lib/thumb/v7e-m+fp/hard\libc_nano.a(libc_a-memcpy-stub.o)
                0x0800b7bc                memcpy
 *(.glue_7)
 .glue_7        0x0800b7d8        0x0 linker stubs
 *(.glue_7t)
 .glue_7t       0x0800b7d8        0x0 linker stubs
 *(.eh_frame)
 .eh_frame      0x0800b7d8        0x0 C:/ST/STM32CubeIDE_1.17.0/STM32CubeIDE/plugins/com.st.stm32cube.ide.mcu.externaltools.gnu-tools-for-stm32.12.3.rel1.win32_1.1.0.202410251130/tools/bin/../lib/gcc/arm-none-eabi/12.3.1/thumb/v7e-m+fp/hard/crtbegin.o
 *(.init)
 .init          0x0800b7d8        0x4 C:/ST/STM32CubeIDE_1.17.0/STM32CubeIDE/plugins/com.st.stm32cube.ide.mcu.externaltools.gnu-tools-for-stm32.12.3.rel1.win32_1.1.0.202410251130/tools/bin/../lib/gcc/arm-none-eabi/12.3.1/thumb/v7e-m+fp/hard/crti.o
                0x0800b7d8                _init
 .init          0x0800b7dc        0x8 C:/ST/STM32CubeIDE_1.17.0/STM32CubeIDE/plugins/com.st.stm32cube.ide.mcu.externaltools.gnu-tools-for-stm32.12.3.rel1.win32_1.1.0.202410251130/tools/bin/../lib/gcc/arm-none-eabi/12.3.1/thumb/v7e-m+fp/hard/crtn.o
 *(.fini)
 .fini          0x0800b7e4        0x4 C:/ST/STM32CubeIDE_1.17.0/STM32CubeIDE/plugins/com.st.stm32cube.ide.mcu.externaltools.gnu-tools-for-stm32.12.3.rel1.win32_1.1.0.202410251130/tools/bin/../lib/gcc/arm-none-eabi/12.3.1/thumb/v7e-m+fp/hard/crti.o
                0x0800b7e4                _fini
 .fini          0x0800b7e8        0x8 C:/ST/STM32CubeIDE_1.17.0/STM32CubeIDE/plugins/com.st.stm32cube.ide.mcu.externaltools.gnu-tools-for-stm32.12.3.rel1.win32_1.1.0.202410251130/tools/bin/../lib/gcc/arm-none-eabi/12.3.1/thumb/v7e-m+fp/hard/crtn.o
                0x0800b7f0                        . = ALIGN (0x4)
                0x0800b7f0                        _etext = .

.vfp11_veneer   0x0800b7f0        0x0
 .vfp11_veneer  0x0800b7f0        0x0 linker stubs

.v4_bx          0x0800b7f0        0x0
 .v4_bx         0x0800b7f0        0x0 linker stubs

.iplt           0x0800b7f0        0x0
 .iplt          0x0800b7f0        0x0 C:/ST/STM32CubeIDE_1.17.0/STM32CubeIDE/plugins/com.st.stm32cube.ide.mcu.externaltools.gnu-tools-for-stm32.12.3.rel1.win32_1.1.0.202410251130/tools/bin/../lib/gcc/arm-none-eabi/12.3.1/thumb/v7e-m+fp/hard/crtbegin.o

.rodata         0x0800b7f0       0x68
                0x0800b7f0                        . = ALIGN (0x4)
 *(.rodata)
 .rodata        0x0800b7f0       0x46 ./USB_DEVICE/App/usbd_desc.o
 *(.rodata*)
 *fill*         0x0800b836        0x2 
 .rodata.AHBPrescTable
                0x0800b838       0x10 ./Core/Src/system_stm32f4xx.o
                0x0800b838                AHBPrescTable
 .rodata.APBPrescTable
                0x0800b848        0x8 ./Core/Src/system_stm32f4xx.o
                0x0800b848                APBPrescTable
 .rodata.flagBitshiftOffset.0
                0x0800b850        0x8 ./Drivers/STM32F4xx_HAL_Driver/Src/stm32f4xx_hal_dma.o
                0x0800b858                        . = ALIGN (0x4)

.ARM.extab      0x0800b858        0x0
                0x0800b858                        . = ALIGN (0x4)
 *(.ARM.extab* .gnu.linkonce.armextab.*)
                0x0800b858                        . = ALIGN (0x4)

.ARM            0x0800b858        0x8
                0x0800b858                        . = ALIGN (0x4)
                0x0800b858                        __exidx_start = .
 *(.ARM.exidx*)
 .ARM.exidx     0x0800b858        0x8 C:/ST/STM32CubeIDE_1.17.0/STM32CubeIDE/plugins/com.st.stm32cube.ide.mcu.externaltools.gnu-tools-for-stm32.12.3.rel1.win32_1.1.0.202410251130/tools/bin/../lib/gcc/arm-none-eabi/12.3.1/thumb/v7e-m+fp/hard\libgcc.a(_udivmoddi4.o)
                0x0800b860                        __exidx_end = .
                0x0800b860                        . = ALIGN (0x4)

.preinit_array  0x0800b860        0x0
                0x0800b860                        . = ALIGN (0x4)
                0x0800b860                        PROVIDE (__preinit_array_start = .)
 *(.preinit_array*)
                0x0800b860                        PROVIDE (__preinit_array_end = .)
                0x0800b860                        . = ALIGN (0x4)

.init_array     0x0800b860        0x4
                0x0800b860                        . = ALIGN (0x4)
                0x0800b860                        PROVIDE (__init_array_start = .)
 *(SORT_BY_NAME(.init_array.*))
 *(.init_array*)
 .init_array    0x0800b860        0x4 C:/ST/STM32CubeIDE_1.17.0/STM32CubeIDE/plugins/com.st.stm32cube.ide.mcu.externaltools.gnu-tools-for-stm32.12.3.rel1.win32_1.1.0.202410251130/tools/bin/../lib/gcc/arm-none-eabi/12.3.1/thumb/v7e-m+fp/hard/crtbegin.o
                0x0800b864                        PROVIDE (__init_array_end = .)
                0x0800b864                        . = ALIGN (0x4)

.fini_array     0x0800b864        0x4
                0x0800b864                        . = ALIGN (0x4)
                [!provide]                        PROVIDE (__fini_array_start = .)
 *(SORT_BY_NAME(.fini_array.*))
 *(.fini_array*)
 .fini_array    0x0800b864        0x4 C:/ST/STM32CubeIDE_1.17.0/STM32CubeIDE/plugins/com.st.stm32cube.ide.mcu.externaltools.gnu-tools-for-stm32.12.3.rel1.win32_1.1.0.202410251130/tools/bin/../lib/gcc/arm-none-eabi/12.3.1/thumb/v7e-m+fp/hard/crtbegin.o
                [!provide]                        PROVIDE (__fini_array_end = .)
                0x0800b868                        . = ALIGN (0x4)
                0x0800b868                        _sidata = LOADADDR (.data)

.rel.dyn        0x0800b868        0x0
 .rel.iplt      0x0800b868        0x0 C:/ST/STM32CubeIDE_1.17.0/STM32CubeIDE/plugins/com.st.stm32cube.ide.mcu.externaltools.gnu-tools-for-stm32.12.3.rel1.win32_1.1.0.202410251130/tools/bin/../lib/gcc/arm-none-eabi/12.3.1/thumb/v7e-m+fp/hard/crtbegin.o

.data           0x20000000      0x324 load address 0x0800b868
                0x20000000                        . = ALIGN (0x4)
                0x20000000                        _sdata = .
 *(.data)
 *(.data*)
 .data.fir_coeffs
                0x20000000       0x28 ./Core/Src/complemento.o
                0x20000000                fir_coeffs
 .data.set      0x20000028        0x1 ./Core/Src/main.o
                0x20000028                set
 *fill*         0x20000029        0x3 
 .data.diametro_rueda
                0x2000002c        0x4 ./Core/Src/main.o
                0x2000002c                diametro_rueda
 .data.distancias_mm
                0x20000030       0xa4 ./Core/Src/main.o
                0x20000030                distancias_mm
 .data.num_puntos
                0x200000d4        0x4 ./Core/Src/main.o
                0x200000d4                num_puntos
 .data.adc_sensor1
                0x200000d8       0x52 ./Core/Src/main.o
                0x200000d8                adc_sensor1
 *fill*         0x2000012a        0x2 
 .data.adc_sensor2
                0x2000012c       0x52 ./Core/Src/main.o
                0x2000012c                adc_sensor2
 *fill*         0x2000017e        0x2 
 .data.adc_sensor3
                0x20000180       0x52 ./Core/Src/main.o
                0x20000180                adc_sensor3
 *fill*         0x200001d2        0x2 
 .data.adc_sensor4
                0x200001d4       0x52 ./Core/Src/main.o
                0x200001d4                adc_sensor4
 *fill*         0x20000226        0x2 
 .data.SystemCoreClock
                0x20000228        0x4 ./Core/Src/system_stm32f4xx.o
                0x20000228                SystemCoreClock
 .data.uwTickPrio
                0x2000022c        0x4 ./Drivers/STM32F4xx_HAL_Driver/Src/stm32f4xx_hal.o
                0x2000022c                uwTickPrio
 .data.uwTickFreq
                0x20000230        0x1 ./Drivers/STM32F4xx_HAL_Driver/Src/stm32f4xx_hal.o
                0x20000230                uwTickFreq
 *fill*         0x20000231        0x3 
 .data.USBD_CDC_DeviceQualifierDesc
                0x20000234        0xa ./Middlewares/ST/STM32_USB_Device_Library/Class/CDC/Src/usbd_cdc.o
 *fill*         0x2000023e        0x2 
 .data.USBD_CDC
                0x20000240       0x38 ./Middlewares/ST/STM32_USB_Device_Library/Class/CDC/Src/usbd_cdc.o
                0x20000240                USBD_CDC
 .data.USBD_CDC_CfgDesc
                0x20000278       0x43 ./Middlewares/ST/STM32_USB_Device_Library/Class/CDC/Src/usbd_cdc.o
 .data.CDCInEpAdd
                0x200002bb        0x1 ./Middlewares/ST/STM32_USB_Device_Library/Class/CDC/Src/usbd_cdc.o
 .data.CDCOutEpAdd
                0x200002bc        0x1 ./Middlewares/ST/STM32_USB_Device_Library/Class/CDC/Src/usbd_cdc.o
 .data.CDCCmdEpAdd
                0x200002bd        0x1 ./Middlewares/ST/STM32_USB_Device_Library/Class/CDC/Src/usbd_cdc.o
 *fill*         0x200002be        0x2 
 .data.USBD_Interface_fops_FS
                0x200002c0       0x14 ./USB_DEVICE/App/usbd_cdc_if.o
                0x200002c0                USBD_Interface_fops_FS
 .data.FS_Desc  0x200002d4       0x1c ./USB_DEVICE/App/usbd_desc.o
                0x200002d4                FS_Desc
 .data.USBD_FS_DeviceDesc
                0x200002f0       0x12 ./USB_DEVICE/App/usbd_desc.o
                0x200002f0                USBD_FS_DeviceDesc
 *fill*         0x20000302        0x2 
 .data.USBD_LangIDDesc
                0x20000304        0x4 ./USB_DEVICE/App/usbd_desc.o
                0x20000304                USBD_LangIDDesc
 .data.USBD_StringSerial
                0x20000308       0x1a ./USB_DEVICE/App/usbd_desc.o
                0x20000308                USBD_StringSerial
 *(.RamFunc)
 *(.RamFunc*)
                0x20000324                        . = ALIGN (0x4)
 *fill*         0x20000322        0x2 
                0x20000324                        _edata = .

.igot.plt       0x20000324        0x0 load address 0x0800bb8c
 .igot.plt      0x20000324        0x0 C:/ST/STM32CubeIDE_1.17.0/STM32CubeIDE/plugins/com.st.stm32cube.ide.mcu.externaltools.gnu-tools-for-stm32.12.3.rel1.win32_1.1.0.202410251130/tools/bin/../lib/gcc/arm-none-eabi/12.3.1/thumb/v7e-m+fp/hard/crtbegin.o
                0x20000324                        . = ALIGN (0x4)

.bss            0x20000324     0x2070 load address 0x0800bb8c
                0x20000324                        _sbss = .
                0x20000324                        __bss_start__ = _sbss
 *(.bss)
 .bss           0x20000324       0x1c C:/ST/STM32CubeIDE_1.17.0/STM32CubeIDE/plugins/com.st.stm32cube.ide.mcu.externaltools.gnu-tools-for-stm32.12.3.rel1.win32_1.1.0.202410251130/tools/bin/../lib/gcc/arm-none-eabi/12.3.1/thumb/v7e-m+fp/hard/crtbegin.o
 *(.bss*)
 .bss.rpm_buffer
                0x20000340       0x28 ./Core/Src/complemento.o
                0x20000340                rpm_buffer
 .bss.buffer_index
                0x20000368        0x4 ./Core/Src/complemento.o
                0x20000368                buffer_index
 .bss.buffer    0x2000036c       0x3f ./Core/Src/comunicacion.o
                0x2000036c                buffer
 *fill*         0x200003ab        0x1 
 .bss.datosTX   0x200003ac       0x44 ./Core/Src/comunicacion.o
                0x200003ac                datosTX
 .bss.indexRX   0x200003f0        0x1 ./Core/Src/comunicacion.o
                0x200003f0                indexRX
 *fill*         0x200003f1        0x3 
 .bss.datosRX   0x200003f4        0xf ./Core/Src/comunicacion.o
                0x200003f4                datosRX
 *fill*         0x20000403        0x1 
 .bss.pk1       0x20000404        0xc ./Core/Src/comunicacion.o
                0x20000404                pk1
 .bss.hadc1     0x20000410       0x48 ./Core/Src/main.o
                0x20000410                hadc1
 .bss.hdma_adc1
                0x20000458       0x60 ./Core/Src/main.o
                0x20000458                hdma_adc1
 .bss.htim1     0x200004b8       0x48 ./Core/Src/main.o
                0x200004b8                htim1
 .bss.htim2     0x20000500       0x48 ./Core/Src/main.o
                0x20000500                htim2
 .bss.htim3     0x20000548       0x48 ./Core/Src/main.o
                0x20000548                htim3
 .bss.htim4     0x20000590       0x48 ./Core/Src/main.o
                0x20000590                htim4
 .bss.htim5     0x200005d8       0x48 ./Core/Src/main.o
                0x200005d8                htim5
 .bss.htim9     0x20000620       0x48 ./Core/Src/main.o
                0x20000620                htim9
 .bss.huart1    0x20000668       0x48 ./Core/Src/main.o
                0x20000668                huart1
 .bss.pulsos    0x200006b0        0x4 ./Core/Src/main.o
                0x200006b0                pulsos
 .bss.pulsos_2  0x200006b4        0x4 ./Core/Src/main.o
                0x200006b4                pulsos_2
 .bss.tiempo    0x200006b8        0x4 ./Core/Src/main.o
                0x200006b8                tiempo
 .bss.pwm_mm    0x200006bc        0x2 ./Core/Src/main.o
                0x200006bc                pwm_mm
 *fill*         0x200006be        0x2 
 .bss.val_pwm   0x200006c0        0x4 ./Core/Src/main.o
                0x200006c0                val_pwm
 .bss.pulsos_ant
                0x200006c4        0x4 ./Core/Src/main.o
                0x200006c4                pulsos_ant
 .bss.pulsos_act
                0x200006c8        0x4 ./Core/Src/main.o
                0x200006c8                pulsos_act
 .bss.pulsos_ant_2
                0x200006cc        0x4 ./Core/Src/main.o
                0x200006cc                pulsos_ant_2
 .bss.pulsos_act_2
                0x200006d0        0x4 ./Core/Src/main.o
                0x200006d0                pulsos_act_2
 .bss.contador_actual
                0x200006d4        0x4 ./Core/Src/main.o
                0x200006d4                contador_actual
 .bss.contador_actual_2
                0x200006d8        0x4 ./Core/Src/main.o
                0x200006d8                contador_actual_2
 .bss.contador  0x200006dc        0x4 ./Core/Src/main.o
                0x200006dc                contador
 .bss.rpm       0x200006e0        0x2 ./Core/Src/main.o
                0x200006e0                rpm
 .bss.rpm_2     0x200006e2        0x2 ./Core/Src/main.o
                0x200006e2                rpm_2
 .bss.rpm_f     0x200006e4        0x2 ./Core/Src/main.o
                0x200006e4                rpm_f
 .bss.velocidad_mm_s
                0x200006e6        0x2 ./Core/Src/main.o
                0x200006e6                velocidad_mm_s
 .bss.velocidad_rad_s
                0x200006e8        0x2 ./Core/Src/main.o
                0x200006e8                velocidad_rad_s
 *fill*         0x200006ea        0x2 
 .bss.valor     0x200006ec        0x4 ./Core/Src/main.o
                0x200006ec                valor
 .bss.vel_mm_s  0x200006f0        0x2 ./Core/Src/main.o
                0x200006f0                vel_mm_s
 .bss.velocidad_motor
                0x200006f2        0x1 ./Core/Src/main.o
                0x200006f2                velocidad_motor
 *fill*         0x200006f3        0x1 
 .bss.voltaje_float
                0x200006f4        0x4 ./Core/Src/main.o
                0x200006f4                voltaje_float
 .bss.adcValue  0x200006f8        0xa ./Core/Src/main.o
                0x200006f8                adcValue
 *fill*         0x20000702        0x2 
 .bss.adcMM     0x20000704        0xa ./Core/Src/main.o
                0x20000704                adcMM
 *fill*         0x2000070e        0x2 
 .bss.adcVoltaje
                0x20000710       0x14 ./Core/Src/main.o
                0x20000710                adcVoltaje
 .bss.distancia_objetivo
                0x20000724        0x2 ./Core/Src/main.o
                0x20000724                distancia_objetivo
 *fill*         0x20000726        0x2 
 .bss.adc_buffer
                0x20000728       0x64 ./Core/Src/main.o
                0x20000728                adc_buffer
 .bss.adc_buffer_index
                0x2000078c        0x1 ./Core/Src/main.o
                0x2000078c                adc_buffer_index
 *fill*         0x2000078d        0x3 
 .bss.adc_avg   0x20000790       0x14 ./Core/Src/main.o
                0x20000790                adc_avg
 .bss.muestras  0x200007a4        0x1 ./Core/Src/main.o
                0x200007a4                muestras
 .bss.bnd       0x200007a5        0x1 ./Core/Src/main.o
                0x200007a5                bnd
 *fill*         0x200007a6        0x2 
 .bss.timmotorGlobal
                0x200007a8        0x4 ./Core/Src/motorDriver.o
                0x200007a8                timmotorGlobal
 .bss.uwTick    0x200007ac        0x4 ./Drivers/STM32F4xx_HAL_Driver/Src/stm32f4xx_hal.o
                0x200007ac                uwTick
 .bss.cfgidx.0  0x200007b0        0x1 ./Middlewares/ST/STM32_USB_Device_Library/Core/Src/usbd_ctlreq.o
 *fill*         0x200007b1        0x3 
 .bss.hUsbDeviceFS
                0x200007b4      0x2dc ./USB_DEVICE/App/usb_device.o
                0x200007b4                hUsbDeviceFS
 .bss.UserRxBufferFS
                0x20000a90      0x800 ./USB_DEVICE/App/usbd_cdc_if.o
                0x20000a90                UserRxBufferFS
 .bss.UserTxBufferFS
                0x20001290      0x800 ./USB_DEVICE/App/usbd_cdc_if.o
                0x20001290                UserTxBufferFS
 .bss.USBD_StrDesc
                0x20001a90      0x200 ./USB_DEVICE/App/usbd_desc.o
                0x20001a90                USBD_StrDesc
 .bss.hpcd_USB_OTG_FS
                0x20001c90      0x4e4 ./USB_DEVICE/Target/usbd_conf.o
                0x20001c90                hpcd_USB_OTG_FS
 .bss.mem.0     0x20002174      0x220 ./USB_DEVICE/Target/usbd_conf.o
 *(COMMON)
                0x20002394                        . = ALIGN (0x4)
                0x20002394                        _ebss = .
                0x20002394                        __bss_end__ = _ebss

._user_heap_stack
                0x20002394      0x604 load address 0x0800bb8c
                0x20002398                        . = ALIGN (0x8)
 *fill*         0x20002394        0x4 
                [!provide]                        PROVIDE (end = .)
                0x20002398                        PROVIDE (_end = .)
                0x20002598                        . = (. + _Min_Heap_Size)
 *fill*         0x20002398      0x200 
                0x20002998                        . = (. + _Min_Stack_Size)
 *fill*         0x20002598      0x400 
                0x20002998                        . = ALIGN (0x8)

/DISCARD/
 libc.a(*)
 libm.a(*)
 libgcc.a(*)

.ARM.attributes
                0x00000000       0x30
 *(.ARM.attributes)
 .ARM.attributes
                0x00000000       0x22 C:/ST/STM32CubeIDE_1.17.0/STM32CubeIDE/plugins/com.st.stm32cube.ide.mcu.externaltools.gnu-tools-for-stm32.12.3.rel1.win32_1.1.0.202410251130/tools/bin/../lib/gcc/arm-none-eabi/12.3.1/thumb/v7e-m+fp/hard/crti.o
 .ARM.attributes
                0x00000022       0x34 C:/ST/STM32CubeIDE_1.17.0/STM32CubeIDE/plugins/com.st.stm32cube.ide.mcu.externaltools.gnu-tools-for-stm32.12.3.rel1.win32_1.1.0.202410251130/tools/bin/../lib/gcc/arm-none-eabi/12.3.1/thumb/v7e-m+fp/hard/crtbegin.o
 .ARM.attributes
                0x00000056       0x34 ./Core/Src/complemento.o
 .ARM.attributes
                0x0000008a       0x34 ./Core/Src/comunicacion.o
 .ARM.attributes
                0x000000be       0x34 ./Core/Src/distancia.o
 .ARM.attributes
                0x000000f2       0x34 ./Core/Src/main.o
 .ARM.attributes
                0x00000126       0x34 ./Core/Src/motorDriver.o
 .ARM.attributes
                0x0000015a       0x34 ./Core/Src/stm32f4xx_hal_msp.o
 .ARM.attributes
                0x0000018e       0x34 ./Core/Src/stm32f4xx_it.o
 .ARM.attributes
                0x000001c2       0x34 ./Core/Src/system_stm32f4xx.o
 .ARM.attributes
                0x000001f6       0x34 ./Core/Src/velocidad.o
 .ARM.attributes
                0x0000022a       0x21 ./Core/Startup/startup_stm32f411ceux.o
 .ARM.attributes
                0x0000024b       0x34 ./Drivers/STM32F4xx_HAL_Driver/Src/stm32f4xx_hal.o
 .ARM.attributes
                0x0000027f       0x34 ./Drivers/STM32F4xx_HAL_Driver/Src/stm32f4xx_hal_adc.o
 .ARM.attributes
                0x000002b3       0x34 ./Drivers/STM32F4xx_HAL_Driver/Src/stm32f4xx_hal_cortex.o
 .ARM.attributes
                0x000002e7       0x34 ./Drivers/STM32F4xx_HAL_Driver/Src/stm32f4xx_hal_dma.o
 .ARM.attributes
                0x0000031b       0x34 ./Drivers/STM32F4xx_HAL_Driver/Src/stm32f4xx_hal_gpio.o
 .ARM.attributes
                0x0000034f       0x34 ./Drivers/STM32F4xx_HAL_Driver/Src/stm32f4xx_hal_pcd.o
 .ARM.attributes
                0x00000383       0x34 ./Drivers/STM32F4xx_HAL_Driver/Src/stm32f4xx_hal_pcd_ex.o
 .ARM.attributes
                0x000003b7       0x34 ./Drivers/STM32F4xx_HAL_Driver/Src/stm32f4xx_hal_rcc.o
 .ARM.attributes
                0x000003eb       0x34 ./Drivers/STM32F4xx_HAL_Driver/Src/stm32f4xx_hal_tim.o
 .ARM.attributes
                0x0000041f       0x34 ./Drivers/STM32F4xx_HAL_Driver/Src/stm32f4xx_hal_tim_ex.o
 .ARM.attributes
                0x00000453       0x34 ./Drivers/STM32F4xx_HAL_Driver/Src/stm32f4xx_hal_uart.o
 .ARM.attributes
                0x00000487       0x34 ./Drivers/STM32F4xx_HAL_Driver/Src/stm32f4xx_ll_usb.o
 .ARM.attributes
                0x000004bb       0x34 ./Middlewares/ST/STM32_USB_Device_Library/Class/CDC/Src/usbd_cdc.o
 .ARM.attributes
                0x000004ef       0x34 ./Middlewares/ST/STM32_USB_Device_Library/Core/Src/usbd_core.o
 .ARM.attributes
                0x00000523       0x34 ./Middlewares/ST/STM32_USB_Device_Library/Core/Src/usbd_ctlreq.o
 .ARM.attributes
                0x00000557       0x34 ./Middlewares/ST/STM32_USB_Device_Library/Core/Src/usbd_ioreq.o
 .ARM.attributes
                0x0000058b       0x34 ./USB_DEVICE/App/usb_device.o
 .ARM.attributes
                0x000005bf       0x34 ./USB_DEVICE/App/usbd_cdc_if.o
 .ARM.attributes
                0x000005f3       0x34 ./USB_DEVICE/App/usbd_desc.o
 .ARM.attributes
                0x00000627       0x34 ./USB_DEVICE/Target/usbd_conf.o
 .ARM.attributes
                0x0000065b       0x34 C:/ST/STM32CubeIDE_1.17.0/STM32CubeIDE/plugins/com.st.stm32cube.ide.mcu.externaltools.gnu-tools-for-stm32.12.3.rel1.win32_1.1.0.202410251130/tools/bin/../lib/gcc/arm-none-eabi/12.3.1/../../../../arm-none-eabi/lib/thumb/v7e-m+fp/hard\libc_nano.a(libc_a-memset.o)
 .ARM.attributes
                0x0000068f       0x34 C:/ST/STM32CubeIDE_1.17.0/STM32CubeIDE/plugins/com.st.stm32cube.ide.mcu.externaltools.gnu-tools-for-stm32.12.3.rel1.win32_1.1.0.202410251130/tools/bin/../lib/gcc/arm-none-eabi/12.3.1/../../../../arm-none-eabi/lib/thumb/v7e-m+fp/hard\libc_nano.a(libc_a-init.o)
 .ARM.attributes
                0x000006c3       0x34 C:/ST/STM32CubeIDE_1.17.0/STM32CubeIDE/plugins/com.st.stm32cube.ide.mcu.externaltools.gnu-tools-for-stm32.12.3.rel1.win32_1.1.0.202410251130/tools/bin/../lib/gcc/arm-none-eabi/12.3.1/../../../../arm-none-eabi/lib/thumb/v7e-m+fp/hard\libc_nano.a(libc_a-memcpy-stub.o)
 .ARM.attributes
                0x000006f7       0x22 C:/ST/STM32CubeIDE_1.17.0/STM32CubeIDE/plugins/com.st.stm32cube.ide.mcu.externaltools.gnu-tools-for-stm32.12.3.rel1.win32_1.1.0.202410251130/tools/bin/../lib/gcc/arm-none-eabi/12.3.1/thumb/v7e-m+fp/hard\libgcc.a(_arm_addsubdf3.o)
 .ARM.attributes
                0x00000719       0x22 C:/ST/STM32CubeIDE_1.17.0/STM32CubeIDE/plugins/com.st.stm32cube.ide.mcu.externaltools.gnu-tools-for-stm32.12.3.rel1.win32_1.1.0.202410251130/tools/bin/../lib/gcc/arm-none-eabi/12.3.1/thumb/v7e-m+fp/hard\libgcc.a(_arm_muldivdf3.o)
 .ARM.attributes
                0x0000073b       0x22 C:/ST/STM32CubeIDE_1.17.0/STM32CubeIDE/plugins/com.st.stm32cube.ide.mcu.externaltools.gnu-tools-for-stm32.12.3.rel1.win32_1.1.0.202410251130/tools/bin/../lib/gcc/arm-none-eabi/12.3.1/thumb/v7e-m+fp/hard\libgcc.a(_arm_fixdfsi.o)
 .ARM.attributes
                0x0000075d       0x22 C:/ST/STM32CubeIDE_1.17.0/STM32CubeIDE/plugins/com.st.stm32cube.ide.mcu.externaltools.gnu-tools-for-stm32.12.3.rel1.win32_1.1.0.202410251130/tools/bin/../lib/gcc/arm-none-eabi/12.3.1/thumb/v7e-m+fp/hard\libgcc.a(_arm_truncdfsf2.o)
 .ARM.attributes
                0x0000077f       0x22 C:/ST/STM32CubeIDE_1.17.0/STM32CubeIDE/plugins/com.st.stm32cube.ide.mcu.externaltools.gnu-tools-for-stm32.12.3.rel1.win32_1.1.0.202410251130/tools/bin/../lib/gcc/arm-none-eabi/12.3.1/thumb/v7e-m+fp/hard\libgcc.a(_aeabi_uldivmod.o)
 .ARM.attributes
                0x000007a1       0x34 C:/ST/STM32CubeIDE_1.17.0/STM32CubeIDE/plugins/com.st.stm32cube.ide.mcu.externaltools.gnu-tools-for-stm32.12.3.rel1.win32_1.1.0.202410251130/tools/bin/../lib/gcc/arm-none-eabi/12.3.1/thumb/v7e-m+fp/hard\libgcc.a(_udivmoddi4.o)
 .ARM.attributes
                0x000007d5       0x22 C:/ST/STM32CubeIDE_1.17.0/STM32CubeIDE/plugins/com.st.stm32cube.ide.mcu.externaltools.gnu-tools-for-stm32.12.3.rel1.win32_1.1.0.202410251130/tools/bin/../lib/gcc/arm-none-eabi/12.3.1/thumb/v7e-m+fp/hard\libgcc.a(_dvmd_tls.o)
 .ARM.attributes
                0x000007f7       0x22 C:/ST/STM32CubeIDE_1.17.0/STM32CubeIDE/plugins/com.st.stm32cube.ide.mcu.externaltools.gnu-tools-for-stm32.12.3.rel1.win32_1.1.0.202410251130/tools/bin/../lib/gcc/arm-none-eabi/12.3.1/thumb/v7e-m+fp/hard/crtn.o
OUTPUT(Laboratorio7.1.elf elf32-littlearm)
LOAD linker stubs
LOAD C:/ST/STM32CubeIDE_1.17.0/STM32CubeIDE/plugins/com.st.stm32cube.ide.mcu.externaltools.gnu-tools-for-stm32.12.3.rel1.win32_1.1.0.202410251130/tools/bin/../lib/gcc/arm-none-eabi/12.3.1/../../../../arm-none-eabi/lib/thumb/v7e-m+fp/hard\libc.a
LOAD C:/ST/STM32CubeIDE_1.17.0/STM32CubeIDE/plugins/com.st.stm32cube.ide.mcu.externaltools.gnu-tools-for-stm32.12.3.rel1.win32_1.1.0.202410251130/tools/bin/../lib/gcc/arm-none-eabi/12.3.1/../../../../arm-none-eabi/lib/thumb/v7e-m+fp/hard\libm.a
LOAD C:/ST/STM32CubeIDE_1.17.0/STM32CubeIDE/plugins/com.st.stm32cube.ide.mcu.externaltools.gnu-tools-for-stm32.12.3.rel1.win32_1.1.0.202410251130/tools/bin/../lib/gcc/arm-none-eabi/12.3.1/thumb/v7e-m+fp/hard\libgcc.a

.debug_info     0x00000000    0x1a8b0
 .debug_info    0x00000000      0x812 ./Core/Src/complemento.o
 .debug_info    0x00000812      0x576 ./Core/Src/comunicacion.o
 .debug_info    0x00000d88      0xb26 ./Core/Src/distancia.o
 .debug_info    0x000018ae     0x1dc2 ./Core/Src/main.o
 .debug_info    0x00003670      0x7f2 ./Core/Src/motorDriver.o
 .debug_info    0x00003e62     0x11cb ./Core/Src/stm32f4xx_hal_msp.o
 .debug_info    0x0000502d      0x897 ./Core/Src/stm32f4xx_it.o
 .debug_info    0x000058c4      0x53e ./Core/Src/system_stm32f4xx.o
 .debug_info    0x00005e02      0x7f2 ./Core/Src/velocidad.o
 .debug_info    0x000065f4       0x30 ./Core/Startup/startup_stm32f411ceux.o
 .debug_info    0x00006624      0x8c4 ./Drivers/STM32F4xx_HAL_Driver/Src/stm32f4xx_hal.o
 .debug_info    0x00006ee8      0xcd1 ./Drivers/STM32F4xx_HAL_Driver/Src/stm32f4xx_hal_adc.o
 .debug_info    0x00007bb9      0xcfc ./Drivers/STM32F4xx_HAL_Driver/Src/stm32f4xx_hal_cortex.o
 .debug_info    0x000088b5      0x8e6 ./Drivers/STM32F4xx_HAL_Driver/Src/stm32f4xx_hal_dma.o
 .debug_info    0x0000919b      0x6f9 ./Drivers/STM32F4xx_HAL_Driver/Src/stm32f4xx_hal_gpio.o
 .debug_info    0x00009894     0x1577 ./Drivers/STM32F4xx_HAL_Driver/Src/stm32f4xx_hal_pcd.o
 .debug_info    0x0000ae0b      0x6ea ./Drivers/STM32F4xx_HAL_Driver/Src/stm32f4xx_hal_pcd_ex.o
 .debug_info    0x0000b4f5      0x8f0 ./Drivers/STM32F4xx_HAL_Driver/Src/stm32f4xx_hal_rcc.o
 .debug_info    0x0000bde5     0x2996 ./Drivers/STM32F4xx_HAL_Driver/Src/stm32f4xx_hal_tim.o
 .debug_info    0x0000e77b     0x14d4 ./Drivers/STM32F4xx_HAL_Driver/Src/stm32f4xx_hal_tim_ex.o
 .debug_info    0x0000fc4f     0x2f56 ./Drivers/STM32F4xx_HAL_Driver/Src/stm32f4xx_hal_uart.o
 .debug_info    0x00012ba5     0x1993 ./Drivers/STM32F4xx_HAL_Driver/Src/stm32f4xx_ll_usb.o
 .debug_info    0x00014538     0x12a3 ./Middlewares/ST/STM32_USB_Device_Library/Class/CDC/Src/usbd_cdc.o
 .debug_info    0x000157db      0xe05 ./Middlewares/ST/STM32_USB_Device_Library/Core/Src/usbd_core.o
 .debug_info    0x000165e0      0xade ./Middlewares/ST/STM32_USB_Device_Library/Core/Src/usbd_ctlreq.o
 .debug_info    0x000170be      0x755 ./Middlewares/ST/STM32_USB_Device_Library/Core/Src/usbd_ioreq.o
 .debug_info    0x00017813      0x701 ./USB_DEVICE/App/usb_device.o
 .debug_info    0x00017f14      0x93f ./USB_DEVICE/App/usbd_cdc_if.o
 .debug_info    0x00018853      0x458 ./USB_DEVICE/App/usbd_desc.o
 .debug_info    0x00018cab     0x1c05 ./USB_DEVICE/Target/usbd_conf.o

.debug_abbrev   0x00000000     0x42f2
 .debug_abbrev  0x00000000      0x1e3 ./Core/Src/complemento.o
 .debug_abbrev  0x000001e3      0x202 ./Core/Src/comunicacion.o
 .debug_abbrev  0x000003e5      0x248 ./Core/Src/distancia.o
 .debug_abbrev  0x0000062d      0x31a ./Core/Src/main.o
 .debug_abbrev  0x00000947      0x1cd ./Core/Src/motorDriver.o
 .debug_abbrev  0x00000b14      0x275 ./Core/Src/stm32f4xx_hal_msp.o
 .debug_abbrev  0x00000d89      0x1bf ./Core/Src/stm32f4xx_it.o
 .debug_abbrev  0x00000f48      0x11a ./Core/Src/system_stm32f4xx.o
 .debug_abbrev  0x00001062      0x1f1 ./Core/Src/velocidad.o
 .debug_abbrev  0x00001253       0x24 ./Core/Startup/startup_stm32f411ceux.o
 .debug_abbrev  0x00001277      0x24b ./Drivers/STM32F4xx_HAL_Driver/Src/stm32f4xx_hal.o
 .debug_abbrev  0x000014c2      0x20e ./Drivers/STM32F4xx_HAL_Driver/Src/stm32f4xx_hal_adc.o
 .debug_abbrev  0x000016d0      0x31d ./Drivers/STM32F4xx_HAL_Driver/Src/stm32f4xx_hal_cortex.o
 .debug_abbrev  0x000019ed      0x221 ./Drivers/STM32F4xx_HAL_Driver/Src/stm32f4xx_hal_dma.o
 .debug_abbrev  0x00001c0e      0x1d3 ./Drivers/STM32F4xx_HAL_Driver/Src/stm32f4xx_hal_gpio.o
 .debug_abbrev  0x00001de1      0x2b6 ./Drivers/STM32F4xx_HAL_Driver/Src/stm32f4xx_hal_pcd.o
 .debug_abbrev  0x00002097      0x1da ./Drivers/STM32F4xx_HAL_Driver/Src/stm32f4xx_hal_pcd_ex.o
 .debug_abbrev  0x00002271      0x2b6 ./Drivers/STM32F4xx_HAL_Driver/Src/stm32f4xx_hal_rcc.o
 .debug_abbrev  0x00002527      0x28b ./Drivers/STM32F4xx_HAL_Driver/Src/stm32f4xx_hal_tim.o
 .debug_abbrev  0x000027b2      0x296 ./Drivers/STM32F4xx_HAL_Driver/Src/stm32f4xx_hal_tim_ex.o
 .debug_abbrev  0x00002a48      0x31b ./Drivers/STM32F4xx_HAL_Driver/Src/stm32f4xx_hal_uart.o
 .debug_abbrev  0x00002d63      0x2b3 ./Drivers/STM32F4xx_HAL_Driver/Src/stm32f4xx_ll_usb.o
 .debug_abbrev  0x00003016      0x2d2 ./Middlewares/ST/STM32_USB_Device_Library/Class/CDC/Src/usbd_cdc.o
 .debug_abbrev  0x000032e8      0x27c ./Middlewares/ST/STM32_USB_Device_Library/Core/Src/usbd_core.o
 .debug_abbrev  0x00003564      0x26f ./Middlewares/ST/STM32_USB_Device_Library/Core/Src/usbd_ctlreq.o
 .debug_abbrev  0x000037d3      0x19a ./Middlewares/ST/STM32_USB_Device_Library/Core/Src/usbd_ioreq.o
 .debug_abbrev  0x0000396d      0x195 ./USB_DEVICE/App/usb_device.o
 .debug_abbrev  0x00003b02      0x2d0 ./USB_DEVICE/App/usbd_cdc_if.o
 .debug_abbrev  0x00003dd2      0x1e1 ./USB_DEVICE/App/usbd_desc.o
 .debug_abbrev  0x00003fb3      0x33f ./USB_DEVICE/Target/usbd_conf.o

.debug_aranges  0x00000000     0x15b8
 .debug_aranges
                0x00000000       0x28 ./Core/Src/complemento.o
 .debug_aranges
                0x00000028       0x48 ./Core/Src/comunicacion.o
 .debug_aranges
                0x00000070       0x38 ./Core/Src/distancia.o
 .debug_aranges
                0x000000a8       0x88 ./Core/Src/main.o
 .debug_aranges
                0x00000130       0x28 ./Core/Src/motorDriver.o
 .debug_aranges
                0x00000158       0x68 ./Core/Src/stm32f4xx_hal_msp.o
 .debug_aranges
                0x000001c0       0x70 ./Core/Src/stm32f4xx_it.o
 .debug_aranges
                0x00000230       0x28 ./Core/Src/system_stm32f4xx.o
 .debug_aranges
                0x00000258       0x38 ./Core/Src/velocidad.o
 .debug_aranges
                0x00000290       0x28 ./Core/Startup/startup_stm32f411ceux.o
 .debug_aranges
                0x000002b8       0xf0 ./Drivers/STM32F4xx_HAL_Driver/Src/stm32f4xx_hal.o
 .debug_aranges
                0x000003a8       0xe8 ./Drivers/STM32F4xx_HAL_Driver/Src/stm32f4xx_hal_adc.o
 .debug_aranges
                0x00000490      0x130 ./Drivers/STM32F4xx_HAL_Driver/Src/stm32f4xx_hal_cortex.o
 .debug_aranges
                0x000005c0       0x90 ./Drivers/STM32F4xx_HAL_Driver/Src/stm32f4xx_hal_dma.o
 .debug_aranges
                0x00000650       0x58 ./Drivers/STM32F4xx_HAL_Driver/Src/stm32f4xx_hal_gpio.o
 .debug_aranges
                0x000006a8      0x148 ./Drivers/STM32F4xx_HAL_Driver/Src/stm32f4xx_hal_pcd.o
 .debug_aranges
                0x000007f0       0x38 ./Drivers/STM32F4xx_HAL_Driver/Src/stm32f4xx_hal_pcd_ex.o
 .debug_aranges
                0x00000828       0x88 ./Drivers/STM32F4xx_HAL_Driver/Src/stm32f4xx_hal_rcc.o
 .debug_aranges
                0x000008b0      0x3d0 ./Drivers/STM32F4xx_HAL_Driver/Src/stm32f4xx_hal_tim.o
 .debug_aranges
                0x00000c80      0x168 ./Drivers/STM32F4xx_HAL_Driver/Src/stm32f4xx_hal_tim_ex.o
 .debug_aranges
                0x00000de8      0x208 ./Drivers/STM32F4xx_HAL_Driver/Src/stm32f4xx_hal_uart.o
 .debug_aranges
                0x00000ff0      0x1a0 ./Drivers/STM32F4xx_HAL_Driver/Src/stm32f4xx_ll_usb.o
 .debug_aranges
                0x00001190       0x90 ./Middlewares/ST/STM32_USB_Device_Library/Class/CDC/Src/usbd_cdc.o
 .debug_aranges
                0x00001220       0xd8 ./Middlewares/ST/STM32_USB_Device_Library/Core/Src/usbd_core.o
 .debug_aranges
                0x000012f8       0x90 ./Middlewares/ST/STM32_USB_Device_Library/Core/Src/usbd_ctlreq.o
 .debug_aranges
                0x00001388       0x50 ./Middlewares/ST/STM32_USB_Device_Library/Core/Src/usbd_ioreq.o
 .debug_aranges
                0x000013d8       0x20 ./USB_DEVICE/App/usb_device.o
 .debug_aranges
                0x000013f8       0x50 ./USB_DEVICE/App/usbd_cdc_if.o
 .debug_aranges
                0x00001448       0x60 ./USB_DEVICE/App/usbd_desc.o
 .debug_aranges
                0x000014a8      0x110 ./USB_DEVICE/Target/usbd_conf.o

.debug_rnglists
                0x00000000     0x10b9
 .debug_rnglists
                0x00000000       0x1b ./Core/Src/complemento.o
 .debug_rnglists
                0x0000001b       0x34 ./Core/Src/comunicacion.o
 .debug_rnglists
                0x0000004f       0x29 ./Core/Src/distancia.o
 .debug_rnglists
                0x00000078       0x6b ./Core/Src/main.o
 .debug_rnglists
                0x000000e3       0x1a ./Core/Src/motorDriver.o
 .debug_rnglists
                0x000000fd       0x4e ./Core/Src/stm32f4xx_hal_msp.o
 .debug_rnglists
                0x0000014b       0x4f ./Core/Src/stm32f4xx_it.o
 .debug_rnglists
                0x0000019a       0x1a ./Core/Src/system_stm32f4xx.o
 .debug_rnglists
                0x000001b4       0x28 ./Core/Src/velocidad.o
 .debug_rnglists
                0x000001dc       0x19 ./Core/Startup/startup_stm32f411ceux.o
 .debug_rnglists
                0x000001f5       0xaf ./Drivers/STM32F4xx_HAL_Driver/Src/stm32f4xx_hal.o
 .debug_rnglists
                0x000002a4       0xb5 ./Drivers/STM32F4xx_HAL_Driver/Src/stm32f4xx_hal_adc.o
 .debug_rnglists
                0x00000359       0xe0 ./Drivers/STM32F4xx_HAL_Driver/Src/stm32f4xx_hal_cortex.o
 .debug_rnglists
                0x00000439       0x70 ./Drivers/STM32F4xx_HAL_Driver/Src/stm32f4xx_hal_dma.o
 .debug_rnglists
                0x000004a9       0x3f ./Drivers/STM32F4xx_HAL_Driver/Src/stm32f4xx_hal_gpio.o
 .debug_rnglists
                0x000004e8       0xfa ./Drivers/STM32F4xx_HAL_Driver/Src/stm32f4xx_hal_pcd.o
 .debug_rnglists
                0x000005e2       0x26 ./Drivers/STM32F4xx_HAL_Driver/Src/stm32f4xx_hal_pcd_ex.o
 .debug_rnglists
                0x00000608       0x66 ./Drivers/STM32F4xx_HAL_Driver/Src/stm32f4xx_hal_rcc.o
 .debug_rnglists
                0x0000066e      0x31a ./Drivers/STM32F4xx_HAL_Driver/Src/stm32f4xx_hal_tim.o
 .debug_rnglists
                0x00000988      0x125 ./Drivers/STM32F4xx_HAL_Driver/Src/stm32f4xx_hal_tim_ex.o
 .debug_rnglists
                0x00000aad      0x1bc ./Drivers/STM32F4xx_HAL_Driver/Src/stm32f4xx_hal_uart.o
 .debug_rnglists
                0x00000c69      0x147 ./Drivers/STM32F4xx_HAL_Driver/Src/stm32f4xx_ll_usb.o
 .debug_rnglists
                0x00000db0       0x6c ./Middlewares/ST/STM32_USB_Device_Library/Class/CDC/Src/usbd_cdc.o
 .debug_rnglists
                0x00000e1c       0xa1 ./Middlewares/ST/STM32_USB_Device_Library/Core/Src/usbd_core.o
 .debug_rnglists
                0x00000ebd       0x6e ./Middlewares/ST/STM32_USB_Device_Library/Core/Src/usbd_ctlreq.o
 .debug_rnglists
                0x00000f2b       0x37 ./Middlewares/ST/STM32_USB_Device_Library/Core/Src/usbd_ioreq.o
 .debug_rnglists
                0x00000f62       0x13 ./USB_DEVICE/App/usb_device.o
 .debug_rnglists
                0x00000f75       0x38 ./USB_DEVICE/App/usbd_cdc_if.o
 .debug_rnglists
                0x00000fad       0x43 ./USB_DEVICE/App/usbd_desc.o
 .debug_rnglists
                0x00000ff0       0xc9 ./USB_DEVICE/Target/usbd_conf.o

.debug_macro    0x00000000    0x1b90c
 .debug_macro   0x00000000      0x234 ./Core/Src/complemento.o
 .debug_macro   0x00000234      0xab4 ./Core/Src/complemento.o
 .debug_macro   0x00000ce8      0x2a7 ./Core/Src/complemento.o
 .debug_macro   0x00000f8f       0x2e ./Core/Src/complemento.o
 .debug_macro   0x00000fbd       0x28 ./Core/Src/complemento.o
 .debug_macro   0x00000fe5       0x22 ./Core/Src/complemento.o
 .debug_macro   0x00001007       0x8e ./Core/Src/complemento.o
 .debug_macro   0x00001095       0x51 ./Core/Src/complemento.o
 .debug_macro   0x000010e6      0x103 ./Core/Src/complemento.o
 .debug_macro   0x000011e9       0x6a ./Core/Src/complemento.o
 .debug_macro   0x00001253      0x1df ./Core/Src/complemento.o
 .debug_macro   0x00001432       0x1c ./Core/Src/complemento.o
 .debug_macro   0x0000144e       0x22 ./Core/Src/complemento.o
 .debug_macro   0x00001470       0xfb ./Core/Src/complemento.o
 .debug_macro   0x0000156b     0x1011 ./Core/Src/complemento.o
 .debug_macro   0x0000257c      0x11f ./Core/Src/complemento.o
 .debug_macro   0x0000269b     0xb953 ./Core/Src/complemento.o
 .debug_macro   0x0000dfee       0x6d ./Core/Src/complemento.o
 .debug_macro   0x0000e05b     0x369a ./Core/Src/complemento.o
 .debug_macro   0x000116f5      0x189 ./Core/Src/complemento.o
 .debug_macro   0x0001187e       0x5c ./Core/Src/complemento.o
 .debug_macro   0x000118da      0x45c ./Core/Src/complemento.o
 .debug_macro   0x00011d36      0x9e9 ./Core/Src/complemento.o
 .debug_macro   0x0001271f      0x115 ./Core/Src/complemento.o
 .debug_macro   0x00012834      0x11b ./Core/Src/complemento.o